Archive member included to satisfy reference by file (symbol)

C:/ST/STM32CubeCLT_1.16.0/GNU-tools-for-STM32/bin/../lib/gcc/arm-none-eabi/12.3.1/../../../../arm-none-eabi/lib/thumb/v7e-m+fp/hard\libc_nano.a(libc_a-exit.o)
                              C:/ST/STM32CubeCLT_1.16.0/GNU-tools-for-STM32/bin/../lib/gcc/arm-none-eabi/12.3.1/../../../../arm-none-eabi/lib/thumb/v7e-m+fp/hard/crt0.o (exit)
C:/ST/STM32CubeCLT_1.16.0/GNU-tools-for-STM32/bin/../lib/gcc/arm-none-eabi/12.3.1/../../../../arm-none-eabi/lib/thumb/v7e-m+fp/hard\libc_nano.a(libc_a-nano-vfprintf_float.o)
                              (_printf_float)
C:/ST/STM32CubeCLT_1.16.0/GNU-tools-for-STM32/bin/../lib/gcc/arm-none-eabi/12.3.1/../../../../arm-none-eabi/lib/thumb/v7e-m+fp/hard\libc_nano.a(libc_a-nano-vfprintf_i.o)
                              C:/ST/STM32CubeCLT_1.16.0/GNU-tools-for-STM32/bin/../lib/gcc/arm-none-eabi/12.3.1/../../../../arm-none-eabi/lib/thumb/v7e-m+fp/hard\libc_nano.a(libc_a-nano-vfprintf_float.o) (_printf_common)
C:/ST/STM32CubeCLT_1.16.0/GNU-tools-for-STM32/bin/../lib/gcc/arm-none-eabi/12.3.1/../../../../arm-none-eabi/lib/thumb/v7e-m+fp/hard\libc_nano.a(libc_a-findfp.o)
                              C:/ST/STM32CubeCLT_1.16.0/GNU-tools-for-STM32/bin/../lib/gcc/arm-none-eabi/12.3.1/../../../../arm-none-eabi/lib/thumb/v7e-m+fp/hard\libc_nano.a(libc_a-exit.o) (__stdio_exit_handler)
C:/ST/STM32CubeCLT_1.16.0/GNU-tools-for-STM32/bin/../lib/gcc/arm-none-eabi/12.3.1/../../../../arm-none-eabi/lib/thumb/v7e-m+fp/hard\libc_nano.a(libc_a-fwalk.o)
                              C:/ST/STM32CubeCLT_1.16.0/GNU-tools-for-STM32/bin/../lib/gcc/arm-none-eabi/12.3.1/../../../../arm-none-eabi/lib/thumb/v7e-m+fp/hard\libc_nano.a(libc_a-findfp.o) (_fwalk_sglue)
C:/ST/STM32CubeCLT_1.16.0/GNU-tools-for-STM32/bin/../lib/gcc/arm-none-eabi/12.3.1/../../../../arm-none-eabi/lib/thumb/v7e-m+fp/hard\libc_nano.a(libc_a-printf.o)
                              CMakeFiles/stm32_dma.dir/Program/appmain.cpp.obj (printf)
C:/ST/STM32CubeCLT_1.16.0/GNU-tools-for-STM32/bin/../lib/gcc/arm-none-eabi/12.3.1/../../../../arm-none-eabi/lib/thumb/v7e-m+fp/hard\libc_nano.a(libc_a-puts.o)
                              CMakeFiles/stm32_dma.dir/Program/appmain.cpp.obj (puts)
C:/ST/STM32CubeCLT_1.16.0/GNU-tools-for-STM32/bin/../lib/gcc/arm-none-eabi/12.3.1/../../../../arm-none-eabi/lib/thumb/v7e-m+fp/hard\libc_nano.a(libc_a-stdio.o)
                              C:/ST/STM32CubeCLT_1.16.0/GNU-tools-for-STM32/bin/../lib/gcc/arm-none-eabi/12.3.1/../../../../arm-none-eabi/lib/thumb/v7e-m+fp/hard\libc_nano.a(libc_a-findfp.o) (__sread)
C:/ST/STM32CubeCLT_1.16.0/GNU-tools-for-STM32/bin/../lib/gcc/arm-none-eabi/12.3.1/../../../../arm-none-eabi/lib/thumb/v7e-m+fp/hard\libc_nano.a(libc_a-wbuf.o)
                              C:/ST/STM32CubeCLT_1.16.0/GNU-tools-for-STM32/bin/../lib/gcc/arm-none-eabi/12.3.1/../../../../arm-none-eabi/lib/thumb/v7e-m+fp/hard\libc_nano.a(libc_a-puts.o) (__swbuf_r)
C:/ST/STM32CubeCLT_1.16.0/GNU-tools-for-STM32/bin/../lib/gcc/arm-none-eabi/12.3.1/../../../../arm-none-eabi/lib/thumb/v7e-m+fp/hard\libc_nano.a(libc_a-wsetup.o)
                              C:/ST/STM32CubeCLT_1.16.0/GNU-tools-for-STM32/bin/../lib/gcc/arm-none-eabi/12.3.1/../../../../arm-none-eabi/lib/thumb/v7e-m+fp/hard\libc_nano.a(libc_a-puts.o) (__swsetup_r)
C:/ST/STM32CubeCLT_1.16.0/GNU-tools-for-STM32/bin/../lib/gcc/arm-none-eabi/12.3.1/../../../../arm-none-eabi/lib/thumb/v7e-m+fp/hard\libc_nano.a(libc_a-memset.o)
                              C:/ST/STM32CubeCLT_1.16.0/GNU-tools-for-STM32/bin/../lib/gcc/arm-none-eabi/12.3.1/../../../../arm-none-eabi/lib/thumb/v7e-m+fp/hard/crt0.o (memset)
C:/ST/STM32CubeCLT_1.16.0/GNU-tools-for-STM32/bin/../lib/gcc/arm-none-eabi/12.3.1/../../../../arm-none-eabi/lib/thumb/v7e-m+fp/hard\libc_nano.a(libc_a-localeconv.o)
                              C:/ST/STM32CubeCLT_1.16.0/GNU-tools-for-STM32/bin/../lib/gcc/arm-none-eabi/12.3.1/../../../../arm-none-eabi/lib/thumb/v7e-m+fp/hard\libc_nano.a(libc_a-nano-vfprintf_float.o) (_localeconv_r)
C:/ST/STM32CubeCLT_1.16.0/GNU-tools-for-STM32/bin/../lib/gcc/arm-none-eabi/12.3.1/../../../../arm-none-eabi/lib/thumb/v7e-m+fp/hard\libc_nano.a(libc_a-closer.o)
                              C:/ST/STM32CubeCLT_1.16.0/GNU-tools-for-STM32/bin/../lib/gcc/arm-none-eabi/12.3.1/../../../../arm-none-eabi/lib/thumb/v7e-m+fp/hard\libc_nano.a(libc_a-stdio.o) (_close_r)
C:/ST/STM32CubeCLT_1.16.0/GNU-tools-for-STM32/bin/../lib/gcc/arm-none-eabi/12.3.1/../../../../arm-none-eabi/lib/thumb/v7e-m+fp/hard\libc_nano.a(libc_a-reent.o)
                              C:/ST/STM32CubeCLT_1.16.0/GNU-tools-for-STM32/bin/../lib/gcc/arm-none-eabi/12.3.1/../../../../arm-none-eabi/lib/thumb/v7e-m+fp/hard\libc_nano.a(libc_a-closer.o) (errno)
C:/ST/STM32CubeCLT_1.16.0/GNU-tools-for-STM32/bin/../lib/gcc/arm-none-eabi/12.3.1/../../../../arm-none-eabi/lib/thumb/v7e-m+fp/hard\libc_nano.a(libc_a-impure.o)
[...]
Memory Configuration

Name             Origin             Length             Attributes
RAM              0x20000000         0x00020000         xrw
CCMRAM           0x10000000         0x00010000         xrw
FLASH            0x08000000         0x00100000         xr
*default*        0x00000000         0xffffffff

Linker script and memory map

LOAD C:/ST/STM32CubeCLT_1.16.0/GNU-tools-for-STM32/bin/../lib/gcc/arm-none-eabi/12.3.1/thumb/v7e-m+fp/hard/crti.o
LOAD C:/ST/STM32CubeCLT_1.16.0/GNU-tools-for-STM32/bin/../lib/gcc/arm-none-eabi/12.3.1/thumb/v7e-m+fp/hard/crtbegin.o
LOAD C:/ST/STM32CubeCLT_1.16.0/GNU-tools-for-STM32/bin/../lib/gcc/arm-none-eabi/12.3.1/../../../../arm-none-eabi/lib/thumb/v7e-m+fp/hard/crt0.o
START GROUP
END GROUP
START GROUP
LOAD C:/ST/STM32CubeCLT_1.16.0/GNU-tools-for-STM32/bin/../lib/gcc/arm-none-eabi/12.3.1/../../../../arm-none-eabi/lib/thumb/v7e-m+fp/hard\libstdc++_nano.a
LOAD C:/ST/STM32CubeCLT_1.16.0/GNU-tools-for-STM32/bin/../lib/gcc/arm-none-eabi/12.3.1/../../../../arm-none-eabi/lib/thumb/v7e-m+fp/hard\libsupc++_nano.a
END GROUP
LOAD CMakeFiles/stm32_dma.dir/Program/appmain.cpp.obj
LOAD CMakeFiles/stm32_dma.dir/Libs/Peripherals/Src/usart.cpp.obj
LOAD CMakeFiles/stm32_dma.dir/Core/Src/main.c.obj
LOAD CMakeFiles/stm32_dma.dir/Core/Src/stm32f4xx_it.c.obj
LOAD CMakeFiles/stm32_dma.dir/Core/Src/stm32f4xx_hal_msp.c.obj
LOAD CMakeFiles/stm32_dma.dir/Drivers/STM32F4xx_HAL_Driver/Src/stm32f4xx_hal_uart.c.obj
LOAD CMakeFiles/stm32_dma.dir/Drivers/STM32F4xx_HAL_Driver/Src/stm32f4xx_hal_tim.c.obj
LOAD CMakeFiles/stm32_dma.dir/Drivers/STM32F4xx_HAL_Driver/Src/stm32f4xx_hal_tim_ex.c.obj
LOAD CMakeFiles/stm32_dma.dir/Drivers/STM32F4xx_HAL_Driver/Src/stm32f4xx_hal_rcc.c.obj
LOAD CMakeFiles/stm32_dma.dir/Drivers/STM32F4xx_HAL_Driver/Src/stm32f4xx_hal_rcc_ex.c.obj
LOAD CMakeFiles/stm32_dma.dir/Drivers/STM32F4xx_HAL_Driver/Src/stm32f4xx_hal_flash.c.obj
LOAD CMakeFiles/stm32_dma.dir/Drivers/STM32F4xx_HAL_Driver/Src/stm32f4xx_hal_flash_ex.c.obj
LOAD CMakeFiles/stm32_dma.dir/Drivers/STM32F4xx_HAL_Driver/Src/stm32f4xx_hal_flash_ramfunc.c.obj
LOAD CMakeFiles/stm32_dma.dir/Drivers/STM32F4xx_HAL_Driver/Src/stm32f4xx_hal_gpio.c.obj
LOAD CMakeFiles/stm32_dma.dir/Drivers/STM32F4xx_HAL_Driver/Src/stm32f4xx_hal_dma_ex.c.obj
LOAD CMakeFiles/stm32_dma.dir/Drivers/STM32F4xx_HAL_Driver/Src/stm32f4xx_hal_dma.c.obj
LOAD CMakeFiles/stm32_dma.dir/Drivers/STM32F4xx_HAL_Driver/Src/stm32f4xx_hal_pwr.c.obj
LOAD CMakeFiles/stm32_dma.dir/Drivers/STM32F4xx_HAL_Driver/Src/stm32f4xx_hal_pwr_ex.c.obj
LOAD CMakeFiles/stm32_dma.dir/Drivers/STM32F4xx_HAL_Driver/Src/stm32f4xx_hal_cortex.c.obj
LOAD CMakeFiles/stm32_dma.dir/Drivers/STM32F4xx_HAL_Driver/Src/stm32f4xx_hal.c.obj
LOAD CMakeFiles/stm32_dma.dir/Drivers/STM32F4xx_HAL_Driver/Src/stm32f4xx_hal_exti.c.obj
LOAD CMakeFiles/stm32_dma.dir/Core/Src/system_stm32f4xx.c.obj
LOAD CMakeFiles/stm32_dma.dir/Core/Src/sysmem.c.obj
LOAD CMakeFiles/stm32_dma.dir/Core/Src/syscalls.c.obj
LOAD CMakeFiles/stm32_dma.dir/startup_stm32f407xx.s.obj
LOAD C:/ST/STM32CubeCLT_1.16.0/GNU-tools-for-STM32/bin/../lib/gcc/arm-none-eabi/12.3.1/../../../../arm-none-eabi/lib/thumb/v7e-m+fp/hard\libstdc++_nano.a
LOAD C:/ST/STM32CubeCLT_1.16.0/GNU-tools-for-STM32/bin/../lib/gcc/arm-none-eabi/12.3.1/../../../../arm-none-eabi/lib/thumb/v7e-m+fp/hard\libm.a
LOAD C:/ST/STM32CubeCLT_1.16.0/GNU-tools-for-STM32/bin/../lib/gcc/arm-none-eabi/12.3.1/../../../../arm-none-eabi/lib/thumb/v7e-m+fp/hard\libc_nano.a
START GROUP
LOAD C:/ST/STM32CubeCLT_1.16.0/GNU-tools-for-STM32/bin/../lib/gcc/arm-none-eabi/12.3.1/thumb/v7e-m+fp/hard\libgcc.a
LOAD C:/ST/STM32CubeCLT_1.16.0/GNU-tools-for-STM32/bin/../lib/gcc/arm-none-eabi/12.3.1/../../../../arm-none-eabi/lib/thumb/v7e-m+fp/hard\libg_nano.a
LOAD C:/ST/STM32CubeCLT_1.16.0/GNU-tools-for-STM32/bin/../lib/gcc/arm-none-eabi/12.3.1/../../../../arm-none-eabi/lib/thumb/v7e-m+fp/hard\libc_nano.a
END GROUP
START GROUP
LOAD C:/ST/STM32CubeCLT_1.16.0/GNU-tools-for-STM32/bin/../lib/gcc/arm-none-eabi/12.3.1/thumb/v7e-m+fp/hard\libgcc.a
LOAD C:/ST/STM32CubeCLT_1.16.0/GNU-tools-for-STM32/bin/../lib/gcc/arm-none-eabi/12.3.1/../../../../arm-none-eabi/lib/thumb/v7e-m+fp/hard\libc_nano.a
LOAD C:/ST/STM32CubeCLT_1.16.0/GNU-tools-for-STM32/bin/../lib/gcc/arm-none-eabi/12.3.1/../../../../arm-none-eabi/lib/thumb/v7e-m+fp/hard\libnosys.a
END GROUP
START GROUP
LOAD C:/ST/STM32CubeCLT_1.16.0/GNU-tools-for-STM32/bin/../lib/gcc/arm-none-eabi/12.3.1/thumb/v7e-m+fp/hard\libgcc.a
LOAD C:/ST/STM32CubeCLT_1.16.0/GNU-tools-for-STM32/bin/../lib/gcc/arm-none-eabi/12.3.1/../../../../arm-none-eabi/lib/thumb/v7e-m+fp/hard\libc_nano.a
LOAD C:/ST/STM32CubeCLT_1.16.0/GNU-tools-for-STM32/bin/../lib/gcc/arm-none-eabi/12.3.1/../../../../arm-none-eabi/lib/thumb/v7e-m+fp/hard\libnosys.a
END GROUP
LOAD C:/ST/STM32CubeCLT_1.16.0/GNU-tools-for-STM32/bin/../lib/gcc/arm-none-eabi/12.3.1/thumb/v7e-m+fp/hard/crtend.o
LOAD C:/ST/STM32CubeCLT_1.16.0/GNU-tools-for-STM32/bin/../lib/gcc/arm-none-eabi/12.3.1/thumb/v7e-m+fp/hard/crtn.o
                0x20020000                        _estack = (ORIGIN (RAM) + LENGTH (RAM))
                0x00000200                        _Min_Heap_Size = 0x200
                0x00000400                        _Min_Stack_Size = 0x400

.isr_vector     0x08000000      0x188
                0x08000000                        . = ALIGN (0x4)
 *(.isr_vector)
 .isr_vector    0x08000000      0x188 CMakeFiles/stm32_dma.dir/startup_stm32f407xx.s.obj
                0x08000000                g_pfnVectors
                0x08000188                        . = ALIGN (0x4)

.text           0x08000190     0x5314
                0x08000190                        . = ALIGN (0x4)
 *(.text)
 .text          0x08000190       0x40 C:/ST/STM32CubeCLT_1.16.0/GNU-tools-for-STM32/bin/../lib/gcc/arm-none-eabi/12.3.1/thumb/v7e-m+fp/hard/crtbegin.o
 .text          0x080001d0       0xa0 C:/ST/STM32CubeCLT_1.16.0/GNU-tools-for-STM32/bin/../lib/gcc/arm-none-eabi/12.3.1/../../../../arm-none-eabi/lib/thumb/v7e-m+fp/hard\libc_nano.a(libc_a-memchr.o)
                0x080001d0                memchr
 .text          0x08000270       0x10 C:/ST/STM32CubeCLT_1.16.0/GNU-tools-for-STM32/bin/../lib/gcc/arm-none-eabi/12.3.1/../../../../arm-none-eabi/lib/thumb/v7e-m+fp/hard\libc_nano.a(libc_a-strlen.o)
                0x08000270                strlen
 .text          0x08000280      0x378 C:/ST/STM32CubeCLT_1.16.0/GNU-tools-for-STM32/bin/../lib/gcc/arm-none-eabi/12.3.1/thumb/v7e-m+fp/hard\libgcc.a(_arm_addsubdf3.o)
                0x08000280                __aeabi_drsub
                0x08000288                __aeabi_dsub
                0x08000288                __subdf3
                0x0800028c                __aeabi_dadd
                0x0800028c                __adddf3
                0x08000504                __floatunsidf
                0x08000504                __aeabi_ui2d
                0x08000524                __floatsidf
                0x08000524                __aeabi_i2d
                0x08000548                __aeabi_f2d
                0x08000548                __extendsfdf2
                0x0800058c                __floatundidf
                0x0800058c                __aeabi_ul2d
                0x0800059c                __floatdidf
                0x0800059c                __aeabi_l2d
 .text          0x080005f8      0x424 C:/ST/STM32CubeCLT_1.16.0/GNU-tools-for-STM32/bin/../lib/gcc/arm-none-eabi/12.3.1/thumb/v7e-m+fp/hard\libgcc.a(_arm_muldivdf3.o)
                0x080005f8                __aeabi_dmul
                0x080005f8                __muldf3
                0x0800084c                __divdf3
                0x0800084c                __aeabi_ddiv
 .text          0x08000a1c      0x110 C:/ST/STM32CubeCLT_1.16.0/GNU-tools-for-STM32/bin/../lib/gcc/arm-none-eabi/12.3.1/thumb/v7e-m+fp/hard\libgcc.a(_arm_cmpdf2.o)
                0x08000a1c                __gtdf2
                0x08000a1c                __gedf2
                0x08000a24                __ltdf2
                0x08000a24                __ledf2
                0x08000a2c                __nedf2
                0x08000a2c                __eqdf2
                0x08000a2c                __cmpdf2
                0x08000aa8                __aeabi_cdrcmple
                0x08000ab8                __aeabi_cdcmpeq
                0x08000ab8                __aeabi_cdcmple
                0x08000ac8                __aeabi_dcmpeq
                0x08000adc                __aeabi_dcmplt
                0x08000af0                __aeabi_dcmple
                0x08000b04                __aeabi_dcmpge
                0x08000b18                __aeabi_dcmpgt
 .text          0x08000b2c       0x2c C:/ST/STM32CubeCLT_1.16.0/GNU-tools-for-STM32/bin/../lib/gcc/arm-none-eabi/12.3.1/thumb/v7e-m+fp/hard\libgcc.a(_arm_unorddf2.o)
                0x08000b2c                __unorddf2
                0x08000b2c                __aeabi_dcmpun
 .text          0x08000b58       0x50 C:/ST/STM32CubeCLT_1.16.0/GNU-tools-for-STM32/bin/../lib/gcc/arm-none-eabi/12.3.1/thumb/v7e-m+fp/hard\libgcc.a(_arm_fixdfsi.o)
                0x08000b58                __aeabi_d2iz
                0x08000b58                __fixdfsi
 .text          0x08000ba8       0x30 C:/ST/STM32CubeCLT_1.16.0/GNU-tools-for-STM32/bin/../lib/gcc/arm-none-eabi/12.3.1/thumb/v7e-m+fp/hard\libgcc.a(_aeabi_uldivmod.o)
                0x08000ba8                __aeabi_uldivmod
 .text          0x08000bd8      0x2bc C:/ST/STM32CubeCLT_1.16.0/GNU-tools-for-STM32/bin/../lib/gcc/arm-none-eabi/12.3.1/thumb/v7e-m+fp/hard\libgcc.a(_udivmoddi4.o)
                0x08000bd8                __udivmoddi4
 .text          0x08000e94        0x4 C:/ST/STM32CubeCLT_1.16.0/GNU-tools-for-STM32/bin/../lib/gcc/arm-none-eabi/12.3.1/thumb/v7e-m+fp/hard\libgcc.a(_dvmd_tls.o)
                0x08000e94                __aeabi_idiv0
                0x08000e94                __aeabi_ldiv0
 *(.text*)
 .text.app_main
                0x08000e98       0x3c CMakeFiles/stm32_dma.dir/Program/appmain.cpp.obj
                0x08000e98                app_main
 .text.UART2_Init
                0x08000ed4       0xc4 CMakeFiles/stm32_dma.dir/Libs/Peripherals/Src/usart.cpp.obj
                0x08000ed4                UART2_Init
 .text.__io_putchar
                0x08000f98       0x2c CMakeFiles/stm32_dma.dir/Libs/Peripherals/Src/usart.cpp.obj
                0x08000f98                __io_putchar
 .text._write   0x08000fc4       0x38 CMakeFiles/stm32_dma.dir/Libs/Peripherals/Src/usart.cpp.obj
                0x08000fc4                _write
 .text.main     0x08000ffc       0x18 CMakeFiles/stm32_dma.dir/Core/Src/main.c.obj
                0x08000ffc                main
 .text.SystemClock_Config
                0x08001014       0xd4 CMakeFiles/stm32_dma.dir/Core/Src/main.c.obj
                0x08001014                SystemClock_Config
 .text.MX_GPIO_Init
                0x080010e8       0x34 CMakeFiles/stm32_dma.dir/Core/Src/main.c.obj
 .text.Error_Handler
                0x0800111c        0xc CMakeFiles/stm32_dma.dir/Core/Src/main.c.obj
                0x0800111c                Error_Handler
 .text.NMI_Handler
                0x08001128        0x8 CMakeFiles/stm32_dma.dir/Core/Src/stm32f4xx_it.c.obj
                0x08001128                NMI_Handler
 .text.HardFault_Handler
                0x08001130        0x8 CMakeFiles/stm32_dma.dir/Core/Src/stm32f4xx_it.c.obj
                0x08001130                HardFault_Handler
 .text.MemManage_Handler
                0x08001138        0x8 CMakeFiles/stm32_dma.dir/Core/Src/stm32f4xx_it.c.obj
                0x08001138                MemManage_Handler
 .text.BusFault_Handler
                0x08001140        0x8 CMakeFiles/stm32_dma.dir/Core/Src/stm32f4xx_it.c.obj
                0x08001140                BusFault_Handler
 .text.UsageFault_Handler
                0x08001148        0x8 CMakeFiles/stm32_dma.dir/Core/Src/stm32f4xx_it.c.obj
                0x08001148                UsageFault_Handler
 .text.SVC_Handler
                0x08001150        0xe CMakeFiles/stm32_dma.dir/Core/Src/stm32f4xx_it.c.obj
                0x08001150                SVC_Handler
 .text.DebugMon_Handler
                0x0800115e        0xe CMakeFiles/stm32_dma.dir/Core/Src/stm32f4xx_it.c.obj
                0x0800115e                DebugMon_Handler
 .text.PendSV_Handler
                0x0800116c        0xe CMakeFiles/stm32_dma.dir/Core/Src/stm32f4xx_it.c.obj
                0x0800116c                PendSV_Handler
 .text.SysTick_Handler
                0x0800117a        0xc CMakeFiles/stm32_dma.dir/Core/Src/stm32f4xx_it.c.obj
                0x0800117a                SysTick_Handler
 *fill*         0x08001186        0x2 
 .text.HAL_MspInit
                0x08001188       0x50 CMakeFiles/stm32_dma.dir/Core/Src/stm32f4xx_hal_msp.c.obj
                0x08001188                HAL_MspInit
 .text.HAL_UART_Init
                0x080011d8       0xa0 CMakeFiles/stm32_dma.dir/Drivers/STM32F4xx_HAL_Driver/Src/stm32f4xx_hal_uart.c.obj
                0x080011d8                HAL_UART_Init
 .text.HAL_UART_MspInit
                0x08001278       0x14 CMakeFiles/stm32_dma.dir/Drivers/STM32F4xx_HAL_Driver/Src/stm32f4xx_hal_uart.c.obj
                0x08001278                HAL_UART_MspInit
 .text.HAL_UART_Transmit
                0x0800128c      0x116 CMakeFiles/stm32_dma.dir/Drivers/STM32F4xx_HAL_Driver/Src/stm32f4xx_hal_uart.c.obj
                0x0800128c                HAL_UART_Transmit
 .text.UART_WaitOnFlagUntilTimeout
                0x080013a2       0xb2 CMakeFiles/stm32_dma.dir/Drivers/STM32F4xx_HAL_Driver/Src/stm32f4xx_hal_uart.c.obj
 .text.UART_EndRxTransfer
                0x08001454       0xc6 CMakeFiles/stm32_dma.dir/Drivers/STM32F4xx_HAL_Driver/Src/stm32f4xx_hal_uart.c.obj
 *fill*         0x0800151a        0x2 
 .text.UART_SetConfig
                0x0800151c      0x4e8 CMakeFiles/stm32_dma.dir/Drivers/STM32F4xx_HAL_Driver/Src/stm32f4xx_hal_uart.c.obj
 .text.HAL_RCC_OscConfig
                0x08001a04      0x4f0 CMakeFiles/stm32_dma.dir/Drivers/STM32F4xx_HAL_Driver/Src/stm32f4xx_hal_rcc.c.obj
                0x08001a04                HAL_RCC_OscConfig
 .text.HAL_RCC_ClockConfig
                0x08001ef4      0x1cc CMakeFiles/stm32_dma.dir/Drivers/STM32F4xx_HAL_Driver/Src/stm32f4xx_hal_rcc.c.obj
                0x08001ef4                HAL_RCC_ClockConfig
 .text.HAL_RCC_GetSysClockFreq
                0x080020c0      0x18c CMakeFiles/stm32_dma.dir/Drivers/STM32F4xx_HAL_Driver/Src/stm32f4xx_hal_rcc.c.obj
                0x080020c0                HAL_RCC_GetSysClockFreq
 .text.HAL_RCC_GetHCLKFreq
                0x0800224c       0x18 CMakeFiles/stm32_dma.dir/Drivers/STM32F4xx_HAL_Driver/Src/stm32f4xx_hal_rcc.c.obj
                0x0800224c                HAL_RCC_GetHCLKFreq
 .text.HAL_RCC_GetPCLK1Freq
                0x08002264       0x28 CMakeFiles/stm32_dma.dir/Drivers/STM32F4xx_HAL_Driver/Src/stm32f4xx_hal_rcc.c.obj
                0x08002264                HAL_RCC_GetPCLK1Freq
 .text.HAL_RCC_GetPCLK2Freq
                0x0800228c       0x28 CMakeFiles/stm32_dma.dir/Drivers/STM32F4xx_HAL_Driver/Src/stm32f4xx_hal_rcc.c.obj
                0x0800228c                HAL_RCC_GetPCLK2Freq
 .text.HAL_GPIO_Init
                0x080022b4      0x338 CMakeFiles/stm32_dma.dir/Drivers/STM32F4xx_HAL_Driver/Src/stm32f4xx_hal_gpio.c.obj
                0x080022b4                HAL_GPIO_Init
 .text.__NVIC_SetPriorityGrouping
                0x080025ec       0x48 CMakeFiles/stm32_dma.dir/Drivers/STM32F4xx_HAL_Driver/Src/stm32f4xx_hal_cortex.c.obj
 .text.__NVIC_GetPriorityGrouping
                0x08002634       0x1c CMakeFiles/stm32_dma.dir/Drivers/STM32F4xx_HAL_Driver/Src/stm32f4xx_hal_cortex.c.obj
 .text.__NVIC_SetPriority
                0x08002650       0x54 CMakeFiles/stm32_dma.dir/Drivers/STM32F4xx_HAL_Driver/Src/stm32f4xx_hal_cortex.c.obj
 .text.NVIC_EncodePriority
                0x080026a4       0x66 CMakeFiles/stm32_dma.dir/Drivers/STM32F4xx_HAL_Driver/Src/stm32f4xx_hal_cortex.c.obj
 *fill*         0x0800270a        0x2 
 .text.SysTick_Config
                0x0800270c       0x44 CMakeFiles/stm32_dma.dir/Drivers/STM32F4xx_HAL_Driver/Src/stm32f4xx_hal_cortex.c.obj
 .text.HAL_NVIC_SetPriorityGrouping
                0x08002750       0x16 CMakeFiles/stm32_dma.dir/Drivers/STM32F4xx_HAL_Driver/Src/stm32f4xx_hal_cortex.c.obj
                0x08002750                HAL_NVIC_SetPriorityGrouping
 .text.HAL_NVIC_SetPriority
                0x08002766       0x38 CMakeFiles/stm32_dma.dir/Drivers/STM32F4xx_HAL_Driver/Src/stm32f4xx_hal_cortex.c.obj
                0x08002766                HAL_NVIC_SetPriority
 .text.HAL_SYSTICK_Config
                0x0800279e       0x18 CMakeFiles/stm32_dma.dir/Drivers/STM32F4xx_HAL_Driver/Src/stm32f4xx_hal_cortex.c.obj
                0x0800279e                HAL_SYSTICK_Config
 *fill*         0x080027b6        0x2 
 .text.HAL_Init
                0x080027b8       0x44 CMakeFiles/stm32_dma.dir/Drivers/STM32F4xx_HAL_Driver/Src/stm32f4xx_hal.c.obj
                0x080027b8                HAL_Init
 .text.HAL_InitTick
                0x080027fc       0x60 CMakeFiles/stm32_dma.dir/Drivers/STM32F4xx_HAL_Driver/Src/stm32f4xx_hal.c.obj
                0x080027fc                HAL_InitTick
 .text.HAL_IncTick
                0x0800285c       0x28 CMakeFiles/stm32_dma.dir/Drivers/STM32F4xx_HAL_Driver/Src/stm32f4xx_hal.c.obj
                0x0800285c                HAL_IncTick
 .text.HAL_GetTick
                0x08002884       0x18 CMakeFiles/stm32_dma.dir/Drivers/STM32F4xx_HAL_Driver/Src/stm32f4xx_hal.c.obj
                0x08002884                HAL_GetTick
 .text.HAL_Delay
                0x0800289c       0x48 CMakeFiles/stm32_dma.dir/Drivers/STM32F4xx_HAL_Driver/Src/stm32f4xx_hal.c.obj
                0x0800289c                HAL_Delay
 .text.SystemInit
                0x080028e4       0x24 CMakeFiles/stm32_dma.dir/Core/Src/system_stm32f4xx.c.obj
                0x080028e4                SystemInit
 .text._sbrk    0x08002908       0x6c CMakeFiles/stm32_dma.dir/Core/Src/sysmem.c.obj
                0x08002908                _sbrk
 .text._getpid  0x08002974       0x10 CMakeFiles/stm32_dma.dir/Core/Src/syscalls.c.obj
                0x08002974                _getpid
 .text._kill    0x08002984       0x20 CMakeFiles/stm32_dma.dir/Core/Src/syscalls.c.obj
                0x08002984                _kill
 .text._exit    0x080029a4       0x16 CMakeFiles/stm32_dma.dir/Core/Src/syscalls.c.obj
                0x080029a4                _exit
 .text._read    0x080029ba       0x3a CMakeFiles/stm32_dma.dir/Core/Src/syscalls.c.obj
                0x080029ba                _read
 .text._close   0x080029f4       0x18 CMakeFiles/stm32_dma.dir/Core/Src/syscalls.c.obj
                0x080029f4                _close
 .text._fstat   0x08002a0c       0x20 CMakeFiles/stm32_dma.dir/Core/Src/syscalls.c.obj
                0x08002a0c                _fstat
 .text._isatty  0x08002a2c       0x16 CMakeFiles/stm32_dma.dir/Core/Src/syscalls.c.obj
                0x08002a2c                _isatty
 .text._lseek   0x08002a42       0x1a CMakeFiles/stm32_dma.dir/Core/Src/syscalls.c.obj
                0x08002a42                _lseek
 .text.Reset_Handler
                0x08002a5c       0x50 CMakeFiles/stm32_dma.dir/startup_stm32f407xx.s.obj
                0x08002a5c                Reset_Handler
 .text.Default_Handler
                0x08002aac        0x2 CMakeFiles/stm32_dma.dir/startup_stm32f407xx.s.obj
                0x08002aac                RTC_Alarm_IRQHandler
                0x08002aac                HASH_RNG_IRQHandler
                0x08002aac                EXTI2_IRQHandler
                0x08002aac                TIM8_CC_IRQHandler
                0x08002aac                TIM1_CC_IRQHandler
                0x08002aac                DMA2_Stream5_IRQHandler
                0x08002aac                DMA1_Stream5_IRQHandler
                0x08002aac                PVD_IRQHandler
                0x08002aac                SDIO_IRQHandler
                0x08002aac                TAMP_STAMP_IRQHandler
                0x08002aac                CAN2_RX1_IRQHandler
                0x08002aac                EXTI3_IRQHandler
                0x08002aac                TIM8_TRG_COM_TIM14_IRQHandler
                0x08002aac                TIM1_UP_TIM10_IRQHandler
                0x08002aac                TIM8_UP_TIM13_IRQHandler
                0x08002aac                I2C3_ER_IRQHandler
                0x08002aac                EXTI0_IRQHandler
                0x08002aac                I2C2_EV_IRQHandler
                0x08002aac                DMA1_Stream2_IRQHandler
                0x08002aac                CAN1_RX0_IRQHandler
                0x08002aac                FPU_IRQHandler
                0x08002aac                OTG_HS_WKUP_IRQHandler
                0x08002aac                CAN2_SCE_IRQHandler
                0x08002aac                DMA2_Stream2_IRQHandler
                0x08002aac                SPI1_IRQHandler
                0x08002aac                TIM6_DAC_IRQHandler
                0x08002aac                TIM1_BRK_TIM9_IRQHandler
                0x08002aac                DCMI_IRQHandler
                0x08002aac                CAN2_RX0_IRQHandler
                0x08002aac                DMA2_Stream3_IRQHandler
                0x08002aac                USART6_IRQHandler
                0x08002aac                USART3_IRQHandler
                0x08002aac                CAN1_RX1_IRQHandler
                0x08002aac                UART5_IRQHandler
                0x08002aac                DMA2_Stream0_IRQHandler
                0x08002aac                TIM4_IRQHandler
                0x08002aac                I2C1_EV_IRQHandler
                0x08002aac                DMA1_Stream6_IRQHandler
                0x08002aac                DMA1_Stream1_IRQHandler
                0x08002aac                UART4_IRQHandler
                0x08002aac                TIM3_IRQHandler
                0x08002aac                RCC_IRQHandler
                0x08002aac                TIM8_BRK_TIM12_IRQHandler
                0x08002aac                Default_Handler
                0x08002aac                EXTI15_10_IRQHandler
                0x08002aac                ADC_IRQHandler
                0x08002aac                DMA1_Stream7_IRQHandler
                0x08002aac                TIM7_IRQHandler
                0x08002aac                CAN2_TX_IRQHandler
                0x08002aac                TIM5_IRQHandler
                0x08002aac                DMA2_Stream7_IRQHandler
                0x08002aac                I2C3_EV_IRQHandler
                0x08002aac                EXTI9_5_IRQHandler
                0x08002aac                RTC_WKUP_IRQHandler
                0x08002aac                ETH_WKUP_IRQHandler
                0x08002aac                SPI2_IRQHandler
                0x08002aac                OTG_HS_EP1_IN_IRQHandler
                0x08002aac                DMA1_Stream0_IRQHandler
                0x08002aac                CAN1_TX_IRQHandler
                0x08002aac                EXTI4_IRQHandler
                0x08002aac                FSMC_IRQHandler
                0x08002aac                ETH_IRQHandler
                0x08002aac                OTG_HS_EP1_OUT_IRQHandler
                0x08002aac                WWDG_IRQHandler
                0x08002aac                TIM2_IRQHandler
                0x08002aac                OTG_FS_WKUP_IRQHandler
                0x08002aac                TIM1_TRG_COM_TIM11_IRQHandler
                0x08002aac                OTG_HS_IRQHandler
                0x08002aac                EXTI1_IRQHandler
                0x08002aac                USART2_IRQHandler
                0x08002aac                I2C2_ER_IRQHandler
                0x08002aac                DMA2_Stream1_IRQHandler
                0x08002aac                CAN1_SCE_IRQHandler
                0x08002aac                FLASH_IRQHandler
                0x08002aac                DMA2_Stream4_IRQHandler
                0x08002aac                USART1_IRQHandler
                0x08002aac                OTG_FS_IRQHandler
                0x08002aac                SPI3_IRQHandler
                0x08002aac                DMA1_Stream4_IRQHandler
                0x08002aac                I2C1_ER_IRQHandler
                0x08002aac                DMA2_Stream6_IRQHandler
                0x08002aac                DMA1_Stream3_IRQHandler
 .text.__cvt    0x08002aae       0xca C:/ST/STM32CubeCLT_1.16.0/GNU-tools-for-STM32/bin/../lib/gcc/arm-none-eabi/12.3.1/../../../../arm-none-eabi/lib/thumb/v7e-m+fp/hard\libc_nano.a(libc_a-nano-vfprintf_float.o)
                0x08002aae                __cvt
 .text.__exponent
                0x08002b78       0x74 C:/ST/STM32CubeCLT_1.16.0/GNU-tools-for-STM32/bin/../lib/gcc/arm-none-eabi/12.3.1/../../../../arm-none-eabi/lib/thumb/v7e-m+fp/hard\libc_nano.a(libc_a-nano-vfprintf_float.o)
                0x08002b78                __exponent
 .text._printf_float
                0x08002bec      0x454 C:/ST/STM32CubeCLT_1.16.0/GNU-tools-for-STM32/bin/../lib/gcc/arm-none-eabi/12.3.1/../../../../arm-none-eabi/lib/thumb/v7e-m+fp/hard\libc_nano.a(libc_a-nano-vfprintf_float.o)
                0x08002bec                _printf_float
 .text._printf_common
                0x08003040       0xda C:/ST/STM32CubeCLT_1.16.0/GNU-tools-for-STM32/bin/../lib/gcc/arm-none-eabi/12.3.1/../../../../arm-none-eabi/lib/thumb/v7e-m+fp/hard\libc_nano.a(libc_a-nano-vfprintf_i.o)
                0x08003040                _printf_common
 *fill*         0x0800311a        0x2 
 .text._printf_i
                0x0800311c      0x240 C:/ST/STM32CubeCLT_1.16.0/GNU-tools-for-STM32/bin/../lib/gcc/arm-none-eabi/12.3.1/../../../../arm-none-eabi/lib/thumb/v7e-m+fp/hard\libc_nano.a(libc_a-nano-vfprintf_i.o)
                0x0800311c                _printf_i
 .text.std      0x0800335c       0x6c C:/ST/STM32CubeCLT_1.16.0/GNU-tools-for-STM32/bin/../lib/gcc/arm-none-eabi/12.3.1/../../../../arm-none-eabi/lib/thumb/v7e-m+fp/hard\libc_nano.a(libc_a-findfp.o)
 .text.stdio_exit_handler
                0x080033c8       0x18 C:/ST/STM32CubeCLT_1.16.0/GNU-tools-for-STM32/bin/../lib/gcc/arm-none-eabi/12.3.1/../../../../arm-none-eabi/lib/thumb/v7e-m+fp/hard\libc_nano.a(libc_a-findfp.o)
 .text.cleanup_stdio
                0x080033e0       0x40 C:/ST/STM32CubeCLT_1.16.0/GNU-tools-for-STM32/bin/../lib/gcc/arm-none-eabi/12.3.1/../../../../arm-none-eabi/lib/thumb/v7e-m+fp/hard\libc_nano.a(libc_a-findfp.o)
 .text.global_stdio_init.part.0
                0x08003420       0x3c C:/ST/STM32CubeCLT_1.16.0/GNU-tools-for-STM32/bin/../lib/gcc/arm-none-eabi/12.3.1/../../../../arm-none-eabi/lib/thumb/v7e-m+fp/hard\libc_nano.a(libc_a-findfp.o)
 .text.__sfp_lock_acquire
                0x0800345c        0xc C:/ST/STM32CubeCLT_1.16.0/GNU-tools-for-STM32/bin/../lib/gcc/arm-none-eabi/12.3.1/../../../../arm-none-eabi/lib/thumb/v7e-m+fp/hard\libc_nano.a(libc_a-findfp.o)
                0x0800345c                __sfp_lock_acquire
 .text.__sfp_lock_release
                0x08003468        0xc C:/ST/STM32CubeCLT_1.16.0/GNU-tools-for-STM32/bin/../lib/gcc/arm-none-eabi/12.3.1/../../../../arm-none-eabi/lib/thumb/v7e-m+fp/hard\libc_nano.a(libc_a-findfp.o)
                0x08003468                __sfp_lock_release
 .text.__sinit  0x08003474       0x30 C:/ST/STM32CubeCLT_1.16.0/GNU-tools-for-STM32/bin/../lib/gcc/arm-none-eabi/12.3.1/../../../../arm-none-eabi/lib/thumb/v7e-m+fp/hard\libc_nano.a(libc_a-findfp.o)
                0x08003474                __sinit
 .text._fwalk_sglue
                0x080034a4       0x3c C:/ST/STM32CubeCLT_1.16.0/GNU-tools-for-STM32/bin/../lib/gcc/arm-none-eabi/12.3.1/../../../../arm-none-eabi/lib/thumb/v7e-m+fp/hard\libc_nano.a(libc_a-fwalk.o)
                0x080034a4                _fwalk_sglue
 .text.printf   0x080034e0       0x24 C:/ST/STM32CubeCLT_1.16.0/GNU-tools-for-STM32/bin/../lib/gcc/arm-none-eabi/12.3.1/../../../../arm-none-eabi/lib/thumb/v7e-m+fp/hard\libc_nano.a(libc_a-printf.o)
                0x080034e0                iprintf
                0x080034e0                printf
 .text._puts_r  0x08003504       0xaa C:/ST/STM32CubeCLT_1.16.0/GNU-tools-for-STM32/bin/../lib/gcc/arm-none-eabi/12.3.1/../../../../arm-none-eabi/lib/thumb/v7e-m+fp/hard\libc_nano.a(libc_a-puts.o)
                0x08003504                _puts_r
 *fill*         0x080035ae        0x2 
 .text.puts     0x080035b0       0x10 C:/ST/STM32CubeCLT_1.16.0/GNU-tools-for-STM32/bin/../lib/gcc/arm-none-eabi/12.3.1/../../../../arm-none-eabi/lib/thumb/v7e-m+fp/hard\libc_nano.a(libc_a-puts.o)
                0x080035b0                puts
 .text.__sread  0x080035c0       0x22 C:/ST/STM32CubeCLT_1.16.0/GNU-tools-for-STM32/bin/../lib/gcc/arm-none-eabi/12.3.1/../../../../arm-none-eabi/lib/thumb/v7e-m+fp/hard\libc_nano.a(libc_a-stdio.o)
                0x080035c0                __sread
 .text.__swrite
                0x080035e2       0x38 C:/ST/STM32CubeCLT_1.16.0/GNU-tools-for-STM32/bin/../lib/gcc/arm-none-eabi/12.3.1/../../../../arm-none-eabi/lib/thumb/v7e-m+fp/hard\libc_nano.a(libc_a-stdio.o)
                0x080035e2                __swrite
 .text.__sseek  0x0800361a       0x24 C:/ST/STM32CubeCLT_1.16.0/GNU-tools-for-STM32/bin/../lib/gcc/arm-none-eabi/12.3.1/../../../../arm-none-eabi/lib/thumb/v7e-m+fp/hard\libc_nano.a(libc_a-stdio.o)
                0x0800361a                __sseek
 .text.__sclose
                0x0800363e        0x8 C:/ST/STM32CubeCLT_1.16.0/GNU-tools-for-STM32/bin/../lib/gcc/arm-none-eabi/12.3.1/../../../../arm-none-eabi/lib/thumb/v7e-m+fp/hard\libc_nano.a(libc_a-stdio.o)
                0x0800363e                __sclose
 .text.__swbuf_r
                0x08003646       0x7c C:/ST/STM32CubeCLT_1.16.0/GNU-tools-for-STM32/bin/../lib/gcc/arm-none-eabi/12.3.1/../../../../arm-none-eabi/lib/thumb/v7e-m+fp/hard\libc_nano.a(libc_a-wbuf.o)
                0x08003646                __swbuf_r
 *fill*         0x080036c2        0x2 
 .text.__swsetup_r
                0x080036c4       0xac C:/ST/STM32CubeCLT_1.16.0/GNU-tools-for-STM32/bin/../lib/gcc/arm-none-eabi/12.3.1/../../../../arm-none-eabi/lib/thumb/v7e-m+fp/hard\libc_nano.a(libc_a-wsetup.o)
                0x080036c4                __swsetup_r
 .text.memset   0x08003770       0x10 C:/ST/STM32CubeCLT_1.16.0/GNU-tools-for-STM32/bin/../lib/gcc/arm-none-eabi/12.3.1/../../../../arm-none-eabi/lib/thumb/v7e-m+fp/hard\libc_nano.a(libc_a-memset.o)
                0x08003770                memset
 .text._localeconv_r
                0x08003780        0x8 C:/ST/STM32CubeCLT_1.16.0/GNU-tools-for-STM32/bin/../lib/gcc/arm-none-eabi/12.3.1/../../../../arm-none-eabi/lib/thumb/v7e-m+fp/hard\libc_nano.a(libc_a-localeconv.o)
                0x08003780                _localeconv_r
 .text._close_r
                0x08003788       0x20 C:/ST/STM32CubeCLT_1.16.0/GNU-tools-for-STM32/bin/../lib/gcc/arm-none-eabi/12.3.1/../../../../arm-none-eabi/lib/thumb/v7e-m+fp/hard\libc_nano.a(libc_a-closer.o)
                0x08003788                _close_r
 .text._lseek_r
                0x080037a8       0x24 C:/ST/STM32CubeCLT_1.16.0/GNU-tools-for-STM32/bin/../lib/gcc/arm-none-eabi/12.3.1/../../../../arm-none-eabi/lib/thumb/v7e-m+fp/hard\libc_nano.a(libc_a-lseekr.o)
                0x080037a8                _lseek_r
 .text._read_r  0x080037cc       0x24 C:/ST/STM32CubeCLT_1.16.0/GNU-tools-for-STM32/bin/../lib/gcc/arm-none-eabi/12.3.1/../../../../arm-none-eabi/lib/thumb/v7e-m+fp/hard\libc_nano.a(libc_a-readr.o)
                0x080037cc                _read_r
 .text._write_r
                0x080037f0       0x24 C:/ST/STM32CubeCLT_1.16.0/GNU-tools-for-STM32/bin/../lib/gcc/arm-none-eabi/12.3.1/../../../../arm-none-eabi/lib/thumb/v7e-m+fp/hard\libc_nano.a(libc_a-writer.o)
                0x080037f0                _write_r
 .text.__errno  0x08003814        0xc C:/ST/STM32CubeCLT_1.16.0/GNU-tools-for-STM32/bin/../lib/gcc/arm-none-eabi/12.3.1/../../../../arm-none-eabi/lib/thumb/v7e-m+fp/hard\libc_nano.a(libc_a-errno.o)
                0x08003814                __errno
 .text.__libc_init_array
                0x08003820       0x48 C:/ST/STM32CubeCLT_1.16.0/GNU-tools-for-STM32/bin/../lib/gcc/arm-none-eabi/12.3.1/../../../../arm-none-eabi/lib/thumb/v7e-m+fp/hard\libc_nano.a(libc_a-init.o)
                0x08003820                __libc_init_array
 .text.__retarget_lock_init_recursive
                0x08003868        0x2 C:/ST/STM32CubeCLT_1.16.0/GNU-tools-for-STM32/bin/../lib/gcc/arm-none-eabi/12.3.1/../../../../arm-none-eabi/lib/thumb/v7e-m+fp/hard\libc_nano.a(libc_a-lock.o)
                0x08003868                __retarget_lock_init_recursive
 .text.__retarget_lock_acquire_recursive
                0x0800386a        0x2 C:/ST/STM32CubeCLT_1.16.0/GNU-tools-for-STM32/bin/../lib/gcc/arm-none-eabi/12.3.1/../../../../arm-none-eabi/lib/thumb/v7e-m+fp/hard\libc_nano.a(libc_a-lock.o)
                0x0800386a                __retarget_lock_acquire_recursive
 .text.__retarget_lock_release_recursive
                0x0800386c        0x2 C:/ST/STM32CubeCLT_1.16.0/GNU-tools-for-STM32/bin/../lib/gcc/arm-none-eabi/12.3.1/../../../../arm-none-eabi/lib/thumb/v7e-m+fp/hard\libc_nano.a(libc_a-lock.o)
                0x0800386c                __retarget_lock_release_recursive
 .text.quorem   0x0800386e      0x110 C:/ST/STM32CubeCLT_1.16.0/GNU-tools-for-STM32/bin/../lib/gcc/arm-none-eabi/12.3.1/../../../../arm-none-eabi/lib/thumb/v7e-m+fp/hard\libc_nano.a(libc_a-dtoa.o)
 *fill*         0x0800397e        0x2 
 .text._dtoa_r  0x08003980      0xb88 C:/ST/STM32CubeCLT_1.16.0/GNU-tools-for-STM32/bin/../lib/gcc/arm-none-eabi/12.3.1/../../../../arm-none-eabi/lib/thumb/v7e-m+fp/hard\libc_nano.a(libc_a-dtoa.o)
                0x08003980                _dtoa_r
 .text._free_r  0x08004508       0x94 C:/ST/STM32CubeCLT_1.16.0/GNU-tools-for-STM32/bin/../lib/gcc/arm-none-eabi/12.3.1/../../../../arm-none-eabi/lib/thumb/v7e-m+fp/hard\libc_nano.a(libc_a-freer.o)
                0x08004508                _free_r
 .text.malloc   0x0800459c       0x10 C:/ST/STM32CubeCLT_1.16.0/GNU-tools-for-STM32/bin/../lib/gcc/arm-none-eabi/12.3.1/../../../../arm-none-eabi/lib/thumb/v7e-m+fp/hard\libc_nano.a(libc_a-malloc.o)
                0x0800459c                malloc
 .text.sbrk_aligned
                0x080045ac       0x44 C:/ST/STM32CubeCLT_1.16.0/GNU-tools-for-STM32/bin/../lib/gcc/arm-none-eabi/12.3.1/../../../../arm-none-eabi/lib/thumb/v7e-m+fp/hard\libc_nano.a(libc_a-mallocr.o)
 .text._malloc_r
                0x080045f0      0x100 C:/ST/STM32CubeCLT_1.16.0/GNU-tools-for-STM32/bin/../lib/gcc/arm-none-eabi/12.3.1/../../../../arm-none-eabi/lib/thumb/v7e-m+fp/hard\libc_nano.a(libc_a-mallocr.o)
                0x080045f0                _malloc_r
 .text.__malloc_lock
                0x080046f0        0xc C:/ST/STM32CubeCLT_1.16.0/GNU-tools-for-STM32/bin/../lib/gcc/arm-none-eabi/12.3.1/../../../../arm-none-eabi/lib/thumb/v7e-m+fp/hard\libc_nano.a(libc_a-mlock.o)
                0x080046f0                __malloc_lock
 .text.__malloc_unlock
                0x080046fc        0xc C:/ST/STM32CubeCLT_1.16.0/GNU-tools-for-STM32/bin/../lib/gcc/arm-none-eabi/12.3.1/../../../../arm-none-eabi/lib/thumb/v7e-m+fp/hard\libc_nano.a(libc_a-mlock.o)
                0x080046fc                __malloc_unlock
 .text._Balloc  0x08004708       0x80 C:/ST/STM32CubeCLT_1.16.0/GNU-tools-for-STM32/bin/../lib/gcc/arm-none-eabi/12.3.1/../../../../arm-none-eabi/lib/thumb/v7e-m+fp/hard\libc_nano.a(libc_a-mprec.o)
                0x08004708                _Balloc
 .text._Bfree   0x08004788       0x44 C:/ST/STM32CubeCLT_1.16.0/GNU-tools-for-STM32/bin/../lib/gcc/arm-none-eabi/12.3.1/../../../../arm-none-eabi/lib/thumb/v7e-m+fp/hard\libc_nano.a(libc_a-mprec.o)
                0x08004788                _Bfree
 .text.__multadd
                0x080047cc       0x8c C:/ST/STM32CubeCLT_1.16.0/GNU-tools-for-STM32/bin/../lib/gcc/arm-none-eabi/12.3.1/../../../../arm-none-eabi/lib/thumb/v7e-m+fp/hard\libc_nano.a(libc_a-mprec.o)
                0x080047cc                __multadd
 .text.__hi0bits
                0x08004858       0x3e C:/ST/STM32CubeCLT_1.16.0/GNU-tools-for-STM32/bin/../lib/gcc/arm-none-eabi/12.3.1/../../../../arm-none-eabi/lib/thumb/v7e-m+fp/hard\libc_nano.a(libc_a-mprec.o)
                0x08004858                __hi0bits
 .text.__lo0bits
                0x08004896       0x5a C:/ST/STM32CubeCLT_1.16.0/GNU-tools-for-STM32/bin/../lib/gcc/arm-none-eabi/12.3.1/../../../../arm-none-eabi/lib/thumb/v7e-m+fp/hard\libc_nano.a(libc_a-mprec.o)
                0x08004896                __lo0bits
 .text.__i2b    0x080048f0       0x2c C:/ST/STM32CubeCLT_1.16.0/GNU-tools-for-STM32/bin/../lib/gcc/arm-none-eabi/12.3.1/../../../../arm-none-eabi/lib/thumb/v7e-m+fp/hard\libc_nano.a(libc_a-mprec.o)
                0x080048f0                __i2b
 .text.__multiply
                0x0800491c      0x154 C:/ST/STM32CubeCLT_1.16.0/GNU-tools-for-STM32/bin/../lib/gcc/arm-none-eabi/12.3.1/../../../../arm-none-eabi/lib/thumb/v7e-m+fp/hard\libc_nano.a(libc_a-mprec.o)
                0x0800491c                __multiply
 .text.__pow5mult
                0x08004a70       0xb4 C:/ST/STM32CubeCLT_1.16.0/GNU-tools-for-STM32/bin/../lib/gcc/arm-none-eabi/12.3.1/../../../../arm-none-eabi/lib/thumb/v7e-m+fp/hard\libc_nano.a(libc_a-mprec.o)
                0x08004a70                __pow5mult
 .text.__lshift
                0x08004b24       0xd8 C:/ST/STM32CubeCLT_1.16.0/GNU-tools-for-STM32/bin/../lib/gcc/arm-none-eabi/12.3.1/../../../../arm-none-eabi/lib/thumb/v7e-m+fp/hard\libc_nano.a(libc_a-mprec.o)
                0x08004b24                __lshift
 .text.__mcmp   0x08004bfc       0x36 C:/ST/STM32CubeCLT_1.16.0/GNU-tools-for-STM32/bin/../lib/gcc/arm-none-eabi/12.3.1/../../../../arm-none-eabi/lib/thumb/v7e-m+fp/hard\libc_nano.a(libc_a-mprec.o)
                0x08004bfc                __mcmp
 *fill*         0x08004c32        0x2 
 .text.__mdiff  0x08004c34      0x128 C:/ST/STM32CubeCLT_1.16.0/GNU-tools-for-STM32/bin/../lib/gcc/arm-none-eabi/12.3.1/../../../../arm-none-eabi/lib/thumb/v7e-m+fp/hard\libc_nano.a(libc_a-mprec.o)
                0x08004c34                __mdiff
 .text.__d2b    0x08004d5c       0xb0 C:/ST/STM32CubeCLT_1.16.0/GNU-tools-for-STM32/bin/../lib/gcc/arm-none-eabi/12.3.1/../../../../arm-none-eabi/lib/thumb/v7e-m+fp/hard\libc_nano.a(libc_a-mprec.o)
                0x08004d5c                __d2b
 .text.__sfputc_r
                0x08004e0c       0x2e C:/ST/STM32CubeCLT_1.16.0/GNU-tools-for-STM32/bin/../lib/gcc/arm-none-eabi/12.3.1/../../../../arm-none-eabi/lib/thumb/v7e-m+fp/hard\libc_nano.a(libc_a-nano-vfprintf.o)
 .text.__sfputs_r
                0x08004e3a       0x24 C:/ST/STM32CubeCLT_1.16.0/GNU-tools-for-STM32/bin/../lib/gcc/arm-none-eabi/12.3.1/../../../../arm-none-eabi/lib/thumb/v7e-m+fp/hard\libc_nano.a(libc_a-nano-vfprintf.o)
                0x08004e3a                __sfputs_r
 *fill*         0x08004e5e        0x2 
 .text._vfprintf_r
                0x08004e60      0x230 C:/ST/STM32CubeCLT_1.16.0/GNU-tools-for-STM32/bin/../lib/gcc/arm-none-eabi/12.3.1/../../../../arm-none-eabi/lib/thumb/v7e-m+fp/hard\libc_nano.a(libc_a-nano-vfprintf.o)
                0x08004e60                _vfprintf_r
                0x08004e60                _vfiprintf_r
 .text.__sflush_r
                0x08005090      0x108 C:/ST/STM32CubeCLT_1.16.0/GNU-tools-for-STM32/bin/../lib/gcc/arm-none-eabi/12.3.1/../../../../arm-none-eabi/lib/thumb/v7e-m+fp/hard\libc_nano.a(libc_a-fflush.o)
                0x08005090                __sflush_r
 .text._fflush_r
                0x08005198       0x50 C:/ST/STM32CubeCLT_1.16.0/GNU-tools-for-STM32/bin/../lib/gcc/arm-none-eabi/12.3.1/../../../../arm-none-eabi/lib/thumb/v7e-m+fp/hard\libc_nano.a(libc_a-fflush.o)
                0x08005198                _fflush_r
 .text.__swhatbuf_r
                0x080051e8       0x4c C:/ST/STM32CubeCLT_1.16.0/GNU-tools-for-STM32/bin/../lib/gcc/arm-none-eabi/12.3.1/../../../../arm-none-eabi/lib/thumb/v7e-m+fp/hard\libc_nano.a(libc_a-makebuf.o)
                0x080051e8                __swhatbuf_r
 .text.__smakebuf_r
                0x08005234       0x78 C:/ST/STM32CubeCLT_1.16.0/GNU-tools-for-STM32/bin/../lib/gcc/arm-none-eabi/12.3.1/../../../../arm-none-eabi/lib/thumb/v7e-m+fp/hard\libc_nano.a(libc_a-makebuf.o)
                0x08005234                __smakebuf_r
 .text._fstat_r
                0x080052ac       0x24 C:/ST/STM32CubeCLT_1.16.0/GNU-tools-for-STM32/bin/../lib/gcc/arm-none-eabi/12.3.1/../../../../arm-none-eabi/lib/thumb/v7e-m+fp/hard\libc_nano.a(libc_a-fstatr.o)
                0x080052ac                _fstat_r
 .text._isatty_r
                0x080052d0       0x20 C:/ST/STM32CubeCLT_1.16.0/GNU-tools-for-STM32/bin/../lib/gcc/arm-none-eabi/12.3.1/../../../../arm-none-eabi/lib/thumb/v7e-m+fp/hard\libc_nano.a(libc_a-isattyr.o)
                0x080052d0                _isatty_r
 .text._sbrk_r  0x080052f0       0x20 C:/ST/STM32CubeCLT_1.16.0/GNU-tools-for-STM32/bin/../lib/gcc/arm-none-eabi/12.3.1/../../../../arm-none-eabi/lib/thumb/v7e-m+fp/hard\libc_nano.a(libc_a-sbrkr.o)
                0x080052f0                _sbrk_r
 .text.memcpy   0x08005310       0x1c C:/ST/STM32CubeCLT_1.16.0/GNU-tools-for-STM32/bin/../lib/gcc/arm-none-eabi/12.3.1/../../../../arm-none-eabi/lib/thumb/v7e-m+fp/hard\libc_nano.a(libc_a-memcpy-stub.o)
                0x08005310                memcpy
 .text.__assert_func
                0x0800532c       0x3c C:/ST/STM32CubeCLT_1.16.0/GNU-tools-for-STM32/bin/../lib/gcc/arm-none-eabi/12.3.1/../../../../arm-none-eabi/lib/thumb/v7e-m+fp/hard\libc_nano.a(libc_a-assert.o)
                0x0800532c                __assert_func
 .text._calloc_r
                0x08005368       0x28 C:/ST/STM32CubeCLT_1.16.0/GNU-tools-for-STM32/bin/../lib/gcc/arm-none-eabi/12.3.1/../../../../arm-none-eabi/lib/thumb/v7e-m+fp/hard\libc_nano.a(libc_a-callocr.o)
                0x08005368                _calloc_r
 .text.__ascii_mbtowc
                0x08005390       0x24 C:/ST/STM32CubeCLT_1.16.0/GNU-tools-for-STM32/bin/../lib/gcc/arm-none-eabi/12.3.1/../../../../arm-none-eabi/lib/thumb/v7e-m+fp/hard\libc_nano.a(libc_a-mbtowc_r.o)
                0x08005390                __ascii_mbtowc
 .text.__ascii_wctomb
                0x080053b4       0x1a C:/ST/STM32CubeCLT_1.16.0/GNU-tools-for-STM32/bin/../lib/gcc/arm-none-eabi/12.3.1/../../../../arm-none-eabi/lib/thumb/v7e-m+fp/hard\libc_nano.a(libc_a-wctomb_r.o)
                0x080053b4                __ascii_wctomb
 *fill*         0x080053ce        0x2 
 .text.fprintf  0x080053d0       0x24 C:/ST/STM32CubeCLT_1.16.0/GNU-tools-for-STM32/bin/../lib/gcc/arm-none-eabi/12.3.1/../../../../arm-none-eabi/lib/thumb/v7e-m+fp/hard\libc_nano.a(libc_a-fprintf.o)
                0x080053d0                fiprintf
                0x080053d0                fprintf
 .text.abort    0x080053f4        0xe C:/ST/STM32CubeCLT_1.16.0/GNU-tools-for-STM32/bin/../lib/gcc/arm-none-eabi/12.3.1/../../../../arm-none-eabi/lib/thumb/v7e-m+fp/hard\libc_nano.a(libc_a-abort.o)
                0x080053f4                abort
 .text._raise_r
                0x08005402       0x50 C:/ST/STM32CubeCLT_1.16.0/GNU-tools-for-STM32/bin/../lib/gcc/arm-none-eabi/12.3.1/../../../../arm-none-eabi/lib/thumb/v7e-m+fp/hard\libc_nano.a(libc_a-signal.o)
                0x08005402                _raise_r
 *fill*         0x08005452        0x2 
 .text.raise    0x08005454       0x10 C:/ST/STM32CubeCLT_1.16.0/GNU-tools-for-STM32/bin/../lib/gcc/arm-none-eabi/12.3.1/../../../../arm-none-eabi/lib/thumb/v7e-m+fp/hard\libc_nano.a(libc_a-signal.o)
                0x08005454                raise
 .text._kill_r  0x08005464       0x24 C:/ST/STM32CubeCLT_1.16.0/GNU-tools-for-STM32/bin/../lib/gcc/arm-none-eabi/12.3.1/../../../../arm-none-eabi/lib/thumb/v7e-m+fp/hard\libc_nano.a(libc_a-signalr.o)
                0x08005464                _kill_r
 .text._getpid_r
                0x08005488        0x4 C:/ST/STM32CubeCLT_1.16.0/GNU-tools-for-STM32/bin/../lib/gcc/arm-none-eabi/12.3.1/../../../../arm-none-eabi/lib/thumb/v7e-m+fp/hard\libc_nano.a(libc_a-signalr.o)
                0x08005488                _getpid_r
 *(.glue_7)
 .glue_7        0x0800548c        0x0 linker stubs
 *(.glue_7t)
 .glue_7t       0x0800548c        0x0 linker stubs
 *(.eh_frame)
 .eh_frame      0x0800548c        0x0 C:/ST/STM32CubeCLT_1.16.0/GNU-tools-for-STM32/bin/../lib/gcc/arm-none-eabi/12.3.1/thumb/v7e-m+fp/hard/crtbegin.o
 *(.init)
 .init          0x0800548c        0x4 C:/ST/STM32CubeCLT_1.16.0/GNU-tools-for-STM32/bin/../lib/gcc/arm-none-eabi/12.3.1/thumb/v7e-m+fp/hard/crti.o
                0x0800548c                _init
 .init          0x08005490        0x8 C:/ST/STM32CubeCLT_1.16.0/GNU-tools-for-STM32/bin/../lib/gcc/arm-none-eabi/12.3.1/thumb/v7e-m+fp/hard/crtn.o
 *(.fini)
 .fini          0x08005498        0x4 C:/ST/STM32CubeCLT_1.16.0/GNU-tools-for-STM32/bin/../lib/gcc/arm-none-eabi/12.3.1/thumb/v7e-m+fp/hard/crti.o
                0x08005498                _fini
 .fini          0x0800549c        0x8 C:/ST/STM32CubeCLT_1.16.0/GNU-tools-for-STM32/bin/../lib/gcc/arm-none-eabi/12.3.1/thumb/v7e-m+fp/hard/crtn.o
                0x080054a4                        . = ALIGN (0x4)
                0x080054a4                        _etext = .

.vfp11_veneer   0x080054a4        0x0
 .vfp11_veneer  0x080054a4        0x0 linker stubs

.v4_bx          0x080054a4        0x0
 .v4_bx         0x080054a4        0x0 linker stubs

.iplt           0x080054a4        0x0
 .iplt          0x080054a4        0x0 C:/ST/STM32CubeCLT_1.16.0/GNU-tools-for-STM32/bin/../lib/gcc/arm-none-eabi/12.3.1/thumb/v7e-m+fp/hard/crtbegin.o

.rodata         0x080054a8      0x3d0
                0x080054a8                        . = ALIGN (0x4)
 *(.rodata)
 .rodata        0x080054a8       0x41 CMakeFiles/stm32_dma.dir/Program/appmain.cpp.obj
 *(.rodata*)
 *fill*         0x080054e9        0x3 
 .rodata.AHBPrescTable
                0x080054ec       0x10 CMakeFiles/stm32_dma.dir/Core/Src/system_stm32f4xx.c.obj
                0x080054ec                AHBPrescTable
 .rodata.APBPrescTable
                0x080054fc        0x8 CMakeFiles/stm32_dma.dir/Core/Src/system_stm32f4xx.c.obj
                0x080054fc                APBPrescTable
 .rodata._printf_float.str1.1
                0x08005504       0x12 C:/ST/STM32CubeCLT_1.16.0/GNU-tools-for-STM32/bin/../lib/gcc/arm-none-eabi/12.3.1/../../../../arm-none-eabi/lib/thumb/v7e-m+fp/hard\libc_nano.a(libc_a-nano-vfprintf_float.o)
 .rodata._printf_i.str1.1
                0x08005516       0x22 C:/ST/STM32CubeCLT_1.16.0/GNU-tools-for-STM32/bin/../lib/gcc/arm-none-eabi/12.3.1/../../../../arm-none-eabi/lib/thumb/v7e-m+fp/hard\libc_nano.a(libc_a-nano-vfprintf_i.o)
 .rodata._dtoa_r.str1.1
                0x08005538       0x8d C:/ST/STM32CubeCLT_1.16.0/GNU-tools-for-STM32/bin/../lib/gcc/arm-none-eabi/12.3.1/../../../../arm-none-eabi/lib/thumb/v7e-m+fp/hard\libc_nano.a(libc_a-dtoa.o)
                                 0x8f (size before relaxing)
 .rodata._Balloc.str1.1
                0x080055c5       0x59 C:/ST/STM32CubeCLT_1.16.0/GNU-tools-for-STM32/bin/../lib/gcc/arm-none-eabi/12.3.1/../../../../arm-none-eabi/lib/thumb/v7e-m+fp/hard\libc_nano.a(libc_a-mprec.o)
                                 0x70 (size before relaxing)
 .rodata.__multadd.str1.1
                0x0800561e       0x11 C:/ST/STM32CubeCLT_1.16.0/GNU-tools-for-STM32/bin/../lib/gcc/arm-none-eabi/12.3.1/../../../../arm-none-eabi/lib/thumb/v7e-m+fp/hard\libc_nano.a(libc_a-mprec.o)
 *fill*         0x0800561e        0x2 
 .rodata.p05.0  0x08005620        0xc C:/ST/STM32CubeCLT_1.16.0/GNU-tools-for-STM32/bin/../lib/gcc/arm-none-eabi/12.3.1/../../../../arm-none-eabi/lib/thumb/v7e-m+fp/hard\libc_nano.a(libc_a-mprec.o)
 *fill*         0x0800562c        0x4 
 .rodata.__mprec_bigtens
                0x08005630       0x28 C:/ST/STM32CubeCLT_1.16.0/GNU-tools-for-STM32/bin/../lib/gcc/arm-none-eabi/12.3.1/../../../../arm-none-eabi/lib/thumb/v7e-m+fp/hard\libc_nano.a(libc_a-mprec.o)
                0x08005630                __mprec_bigtens
 .rodata.__mprec_tens
                0x08005658       0xc8 C:/ST/STM32CubeCLT_1.16.0/GNU-tools-for-STM32/bin/../lib/gcc/arm-none-eabi/12.3.1/../../../../arm-none-eabi/lib/thumb/v7e-m+fp/hard\libc_nano.a(libc_a-mprec.o)
                0x08005658                __mprec_tens
 .rodata._vfprintf_r.str1.1
                0x08005720       0x11 C:/ST/STM32CubeCLT_1.16.0/GNU-tools-for-STM32/bin/../lib/gcc/arm-none-eabi/12.3.1/../../../../arm-none-eabi/lib/thumb/v7e-m+fp/hard\libc_nano.a(libc_a-nano-vfprintf.o)
 .rodata._setlocale_r.str1.1
                0x08005731        0x8 C:/ST/STM32CubeCLT_1.16.0/GNU-tools-for-STM32/bin/../lib/gcc/arm-none-eabi/12.3.1/../../../../arm-none-eabi/lib/thumb/v7e-m+fp/hard\libc_nano.a(libc_a-locale.o)
                                  0x9 (size before relaxing)
 .rodata.str1.1
                0x08005739        0x2 C:/ST/STM32CubeCLT_1.16.0/GNU-tools-for-STM32/bin/../lib/gcc/arm-none-eabi/12.3.1/../../../../arm-none-eabi/lib/thumb/v7e-m+fp/hard\libc_nano.a(libc_a-locale.o)
 .rodata.__assert_func.str1.1
                0x0800573b       0x3c C:/ST/STM32CubeCLT_1.16.0/GNU-tools-for-STM32/bin/../lib/gcc/arm-none-eabi/12.3.1/../../../../arm-none-eabi/lib/thumb/v7e-m+fp/hard\libc_nano.a(libc_a-assert.o)
                                 0x3d (size before relaxing)
 .rodata._ctype_
                0x08005777      0x101 C:/ST/STM32CubeCLT_1.16.0/GNU-tools-for-STM32/bin/../lib/gcc/arm-none-eabi/12.3.1/../../../../arm-none-eabi/lib/thumb/v7e-m+fp/hard\libc_nano.a(libc_a-ctype_.o)
                0x08005777                _ctype_
                0x08005878                        . = ALIGN (0x4)

.ARM.extab
 *(.ARM.extab* .gnu.linkonce.armextab.*)

.ARM            0x08005878        0x8
                0x08005878                        __exidx_start = .
 *(.ARM.exidx*)
 .ARM.exidx     0x08005878        0x8 C:/ST/STM32CubeCLT_1.16.0/GNU-tools-for-STM32/bin/../lib/gcc/arm-none-eabi/12.3.1/../../../../arm-none-eabi/lib/thumb/v7e-m+fp/hard\libc_nano.a(libc_a-memchr.o)
 .ARM.exidx     0x08005880        0x0 C:/ST/STM32CubeCLT_1.16.0/GNU-tools-for-STM32/bin/../lib/gcc/arm-none-eabi/12.3.1/../../../../arm-none-eabi/lib/thumb/v7e-m+fp/hard\libc_nano.a(libc_a-strlen.o)
                                  0x8 (size before relaxing)
 .ARM.exidx     0x08005880        0x0 C:/ST/STM32CubeCLT_1.16.0/GNU-tools-for-STM32/bin/../lib/gcc/arm-none-eabi/12.3.1/thumb/v7e-m+fp/hard\libgcc.a(_udivmoddi4.o)
                                  0x8 (size before relaxing)
                0x08005880                        __exidx_end = .

.rel.dyn        0x08005880        0x0
 .rel.iplt      0x08005880        0x0 C:/ST/STM32CubeCLT_1.16.0/GNU-tools-for-STM32/bin/../lib/gcc/arm-none-eabi/12.3.1/thumb/v7e-m+fp/hard/crtbegin.o

.preinit_array  0x08005880        0x0
                0x08005880                        PROVIDE (__preinit_array_start = .)
 *(.preinit_array*)
                0x08005880                        PROVIDE (__preinit_array_end = .)

.init_array     0x08005880        0x4
                0x08005880                        PROVIDE (__init_array_start = .)
 *(SORT_BY_NAME(.init_array.*))
 *(.init_array*)
 .init_array    0x08005880        0x4 C:/ST/STM32CubeCLT_1.16.0/GNU-tools-for-STM32/bin/../lib/gcc/arm-none-eabi/12.3.1/thumb/v7e-m+fp/hard/crtbegin.o
                0x08005884                        PROVIDE (__init_array_end = .)

.fini_array     0x08005884        0x4
                [!provide]                        PROVIDE (__fini_array_start = .)
 *(SORT_BY_NAME(.fini_array.*))
 *(.fini_array*)
 .fini_array    0x08005884        0x4 C:/ST/STM32CubeCLT_1.16.0/GNU-tools-for-STM32/bin/../lib/gcc/arm-none-eabi/12.3.1/thumb/v7e-m+fp/hard/crtbegin.o
                [!provide]                        PROVIDE (__fini_array_end = .)
                0x08005888                        _sidata = LOADADDR (.data)

.data           0x20000000      0x1d4 load address 0x08005888
                0x20000000                        . = ALIGN (0x4)
                0x20000000                        _sdata = .
 *(.data)
 *(.data*)
 .data.uwTickPrio
                0x20000000        0x4 CMakeFiles/stm32_dma.dir/Drivers/STM32F4xx_HAL_Driver/Src/stm32f4xx_hal.c.obj
                0x20000000                uwTickPrio
 .data.uwTickFreq
                0x20000004        0x1 CMakeFiles/stm32_dma.dir/Drivers/STM32F4xx_HAL_Driver/Src/stm32f4xx_hal.c.obj
                0x20000004                uwTickFreq
 *fill*         0x20000005        0x3 
 .data.SystemCoreClock
                0x20000008        0x4 CMakeFiles/stm32_dma.dir/Core/Src/system_stm32f4xx.c.obj
                0x20000008                SystemCoreClock
 .data.__sglue  0x2000000c        0xc C:/ST/STM32CubeCLT_1.16.0/GNU-tools-for-STM32/bin/../lib/gcc/arm-none-eabi/12.3.1/../../../../arm-none-eabi/lib/thumb/v7e-m+fp/hard\libc_nano.a(libc_a-findfp.o)
                0x2000000c                __sglue
 .data._impure_ptr
                0x20000018        0x4 C:/ST/STM32CubeCLT_1.16.0/GNU-tools-for-STM32/bin/../lib/gcc/arm-none-eabi/12.3.1/../../../../arm-none-eabi/lib/thumb/v7e-m+fp/hard\libc_nano.a(libc_a-impure.o)
                0x20000018                _impure_ptr
 .data._impure_data
                0x2000001c       0x4c C:/ST/STM32CubeCLT_1.16.0/GNU-tools-for-STM32/bin/../lib/gcc/arm-none-eabi/12.3.1/../../../../arm-none-eabi/lib/thumb/v7e-m+fp/hard\libc_nano.a(libc_a-impure.o)
                0x2000001c                _impure_data
 .data.__global_locale
                0x20000068      0x16c C:/ST/STM32CubeCLT_1.16.0/GNU-tools-for-STM32/bin/../lib/gcc/arm-none-eabi/12.3.1/../../../../arm-none-eabi/lib/thumb/v7e-m+fp/hard\libc_nano.a(libc_a-locale.o)
                0x20000068                __global_locale
                0x200001d4                        . = ALIGN (0x4)
                0x200001d4                        _edata = .
                0x08005a5c                        _siccmram = LOADADDR (.ccmram)

.igot.plt       0x200001d4        0x0 load address 0x08005a5c
 .igot.plt      0x200001d4        0x0 C:/ST/STM32CubeCLT_1.16.0/GNU-tools-for-STM32/bin/../lib/gcc/arm-none-eabi/12.3.1/thumb/v7e-m+fp/hard/crtbegin.o

.ccmram         0x10000000        0x0 load address 0x08005a5c
                0x10000000                        . = ALIGN (0x4)
                0x10000000                        _sccmram = .
 *(.ccmram)
 *(.ccmram*)
                0x10000000                        . = ALIGN (0x4)
                0x10000000                        _eccmram = .
                0x10000000                        . = ALIGN (0x4)

.bss            0x200001d4      0x1b8
                0x200001d4                        _sbss = .
                0x200001d4                        __bss_start__ = _sbss
 *(.bss)
 .bss           0x200001d4       0x1c C:/ST/STM32CubeCLT_1.16.0/GNU-tools-for-STM32/bin/../lib/gcc/arm-none-eabi/12.3.1/thumb/v7e-m+fp/hard/crtbegin.o
 *(.bss*)
 .bss.huart2    0x200001f0       0x48 CMakeFiles/stm32_dma.dir/Libs/Peripherals/Src/usart.cpp.obj
                0x200001f0                huart2
 .bss.uwTick    0x20000238        0x4 CMakeFiles/stm32_dma.dir/Drivers/STM32F4xx_HAL_Driver/Src/stm32f4xx_hal.c.obj
                0x20000238                uwTick
 .bss.__sbrk_heap_end
                0x2000023c        0x4 CMakeFiles/stm32_dma.dir/Core/Src/sysmem.c.obj
 .bss.__sf      0x20000240      0x138 C:/ST/STM32CubeCLT_1.16.0/GNU-tools-for-STM32/bin/../lib/gcc/arm-none-eabi/12.3.1/../../../../arm-none-eabi/lib/thumb/v7e-m+fp/hard\libc_nano.a(libc_a-findfp.o)
                0x20000240                __sf
 .bss.__stdio_exit_handler
                0x20000378        0x4 C:/ST/STM32CubeCLT_1.16.0/GNU-tools-for-STM32/bin/../lib/gcc/arm-none-eabi/12.3.1/../../../../arm-none-eabi/lib/thumb/v7e-m+fp/hard\libc_nano.a(libc_a-findfp.o)
                0x20000378                __stdio_exit_handler
 .bss.errno     0x2000037c        0x4 C:/ST/STM32CubeCLT_1.16.0/GNU-tools-for-STM32/bin/../lib/gcc/arm-none-eabi/12.3.1/../../../../arm-none-eabi/lib/thumb/v7e-m+fp/hard\libc_nano.a(libc_a-reent.o)
                0x2000037c                errno
 .bss.__lock___malloc_recursive_mutex
                0x20000380        0x1 C:/ST/STM32CubeCLT_1.16.0/GNU-tools-for-STM32/bin/../lib/gcc/arm-none-eabi/12.3.1/../../../../arm-none-eabi/lib/thumb/v7e-m+fp/hard\libc_nano.a(libc_a-lock.o)
                0x20000380                __lock___malloc_recursive_mutex
 .bss.__lock___sfp_recursive_mutex
                0x20000381        0x1 C:/ST/STM32CubeCLT_1.16.0/GNU-tools-for-STM32/bin/../lib/gcc/arm-none-eabi/12.3.1/../../../../arm-none-eabi/lib/thumb/v7e-m+fp/hard\libc_nano.a(libc_a-lock.o)
                0x20000381                __lock___sfp_recursive_mutex
 *fill*         0x20000382        0x2 
 .bss.__malloc_sbrk_start
                0x20000384        0x4 C:/ST/STM32CubeCLT_1.16.0/GNU-tools-for-STM32/bin/../lib/gcc/arm-none-eabi/12.3.1/../../../../arm-none-eabi/lib/thumb/v7e-m+fp/hard\libc_nano.a(libc_a-mallocr.o)
                0x20000384                __malloc_sbrk_start
 .bss.__malloc_free_list
                0x20000388        0x4 C:/ST/STM32CubeCLT_1.16.0/GNU-tools-for-STM32/bin/../lib/gcc/arm-none-eabi/12.3.1/../../../../arm-none-eabi/lib/thumb/v7e-m+fp/hard\libc_nano.a(libc_a-mallocr.o)
                0x20000388                __malloc_free_list
 *(COMMON)
                0x2000038c                        . = ALIGN (0x4)
                0x2000038c                        _ebss = .
                0x2000038c                        __bss_end__ = _ebss

._user_heap_stack
                0x2000038c      0x604
                0x20000390                        . = ALIGN (0x8)
 *fill*         0x2000038c        0x4 
                [!provide]                        PROVIDE (end = .)
                0x20000390                        PROVIDE (_end = .)
                0x20000590                        . = (. + _Min_Heap_Size)
 *fill*         0x20000390      0x200 
                0x20000990                        . = (. + _Min_Stack_Size)
 *fill*         0x20000590      0x400 
                0x20000990                        . = ALIGN (0x8)

/DISCARD/
 libc.a(*)
 libm.a(*)
 libgcc.a(*)
OUTPUT(stm32_dma.elf elf32-littlearm)
LOAD linker stubs
LOAD C:/ST/STM32CubeCLT_1.16.0/GNU-tools-for-STM32/bin/../lib/gcc/arm-none-eabi/12.3.1/../../../../arm-none-eabi/lib/thumb/v7e-m+fp/hard\libc.a
LOAD C:/ST/STM32CubeCLT_1.16.0/GNU-tools-for-STM32/bin/../lib/gcc/arm-none-eabi/12.3.1/../../../../arm-none-eabi/lib/thumb/v7e-m+fp/hard\libm.a
LOAD C:/ST/STM32CubeCLT_1.16.0/GNU-tools-for-STM32/bin/../lib/gcc/arm-none-eabi/12.3.1/thumb/v7e-m+fp/hard\libgcc.a

.ARM.attributes
                0x00000000       0x30
 .ARM.attributes
                0x00000000       0x22 C:/ST/STM32CubeCLT_1.16.0/GNU-tools-for-STM32/bin/../lib/gcc/arm-none-eabi/12.3.1/thumb/v7e-m+fp/hard/crti.o
 .ARM.attributes
                0x00000022       0x34 C:/ST/STM32CubeCLT_1.16.0/GNU-tools-for-STM32/bin/../lib/gcc/arm-none-eabi/12.3.1/thumb/v7e-m+fp/hard/crtbegin.o
 .ARM.attributes
                0x00000056       0x34 CMakeFiles/stm32_dma.dir/Program/appmain.cpp.obj
 .ARM.attributes
                0x0000008a       0x34 CMakeFiles/stm32_dma.dir/Libs/Peripherals/Src/usart.cpp.obj
 .ARM.attributes
                0x000000be       0x34 CMakeFiles/stm32_dma.dir/Core/Src/main.c.obj
 .ARM.attributes
                0x000000f2       0x34 CMakeFiles/stm32_dma.dir/Core/Src/stm32f4xx_it.c.obj
 .ARM.attributes
                0x00000126       0x34 CMakeFiles/stm32_dma.dir/Core/Src/stm32f4xx_hal_msp.c.obj
 .ARM.attributes
                0x0000015a       0x34 CMakeFiles/stm32_dma.dir/Drivers/STM32F4xx_HAL_Driver/Src/stm32f4xx_hal_uart.c.obj
 .ARM.attributes
                0x0000018e       0x34 CMakeFiles/stm32_dma.dir/Drivers/STM32F4xx_HAL_Driver/Src/stm32f4xx_hal_rcc.c.obj
 .ARM.attributes
                0x000001c2       0x34 CMakeFiles/stm32_dma.dir/Drivers/STM32F4xx_HAL_Driver/Src/stm32f4xx_hal_gpio.c.obj
 .ARM.attributes
                0x000001f6       0x34 CMakeFiles/stm32_dma.dir/Drivers/STM32F4xx_HAL_Driver/Src/stm32f4xx_hal_cortex.c.obj
 .ARM.attributes
                0x0000022a       0x34 CMakeFiles/stm32_dma.dir/Drivers/STM32F4xx_HAL_Driver/Src/stm32f4xx_hal.c.obj
 .ARM.attributes
                0x0000025e       0x34 CMakeFiles/stm32_dma.dir/Core/Src/system_stm32f4xx.c.obj
 .ARM.attributes
                0x00000292       0x34 CMakeFiles/stm32_dma.dir/Core/Src/sysmem.c.obj
 .ARM.attributes
                0x000002c6       0x34 CMakeFiles/stm32_dma.dir/Core/Src/syscalls.c.obj
 .ARM.attributes
                0x000002fa       0x21 CMakeFiles/stm32_dma.dir/startup_stm32f407xx.s.obj
 .ARM.attributes
                0x0000031b       0x34 C:/ST/STM32CubeCLT_1.16.0/GNU-tools-for-STM32/bin/../lib/gcc/arm-none-eabi/12.3.1/../../../../arm-none-eabi/lib/thumb/v7e-m+fp/hard\libc_nano.a(libc_a-nano-vfprintf_float.o)
 .ARM.attributes
                0x0000034f       0x34 C:/ST/STM32CubeCLT_1.16.0/GNU-tools-for-STM32/bin/../lib/gcc/arm-none-eabi/12.3.1/../../../../arm-none-eabi/lib/thumb/v7e-m+fp/hard\libc_nano.a(libc_a-nano-vfprintf_i.o)
 .ARM.attributes
                0x00000383       0x34 C:/ST/STM32CubeCLT_1.16.0/GNU-tools-for-STM32/bin/../lib/gcc/arm-none-eabi/12.3.1/../../../../arm-none-eabi/lib/thumb/v7e-m+fp/hard\libc_nano.a(libc_a-findfp.o)
 .ARM.attributes
                0x000003b7       0x34 C:/ST/STM32CubeCLT_1.16.0/GNU-tools-for-STM32/bin/../lib/gcc/arm-none-eabi/12.3.1/../../../../arm-none-eabi/lib/thumb/v7e-m+fp/hard\libc_nano.a(libc_a-fwalk.o)
 .ARM.attributes
                0x000003eb       0x34 C:/ST/STM32CubeCLT_1.16.0/GNU-tools-for-STM32/bin/../lib/gcc/arm-none-eabi/12.3.1/../../../../arm-none-eabi/lib/thumb/v7e-m+fp/hard\libc_nano.a(libc_a-printf.o)
 .ARM.attributes
                0x0000041f       0x34 C:/ST/STM32CubeCLT_1.16.0/GNU-tools-for-STM32/bin/../lib/gcc/arm-none-eabi/12.3.1/../../../../arm-none-eabi/lib/thumb/v7e-m+fp/hard\libc_nano.a(libc_a-puts.o)
 .ARM.attributes
                0x00000453       0x34 C:/ST/STM32CubeCLT_1.16.0/GNU-tools-for-STM32/bin/../lib/gcc/arm-none-eabi/12.3.1/../../../../arm-none-eabi/lib/thumb/v7e-m+fp/hard\libc_nano.a(libc_a-stdio.o)
 .ARM.attributes
                0x00000487       0x34 C:/ST/STM32CubeCLT_1.16.0/GNU-tools-for-STM32/bin/../lib/gcc/arm-none-eabi/12.3.1/../../../../arm-none-eabi/lib/thumb/v7e-m+fp/hard\libc_nano.a(libc_a-wbuf.o)
 .ARM.attributes
                0x000004bb       0x34 C:/ST/STM32CubeCLT_1.16.0/GNU-tools-for-STM32/bin/../lib/gcc/arm-none-eabi/12.3.1/../../../../arm-none-eabi/lib/thumb/v7e-m+fp/hard\libc_nano.a(libc_a-wsetup.o)
 .ARM.attributes
                0x000004ef       0x34 C:/ST/STM32CubeCLT_1.16.0/GNU-tools-for-STM32/bin/../lib/gcc/arm-none-eabi/12.3.1/../../../../arm-none-eabi/lib/thumb/v7e-m+fp/hard\libc_nano.a(libc_a-memset.o)
 .ARM.attributes
                0x00000523       0x34 C:/ST/STM32CubeCLT_1.16.0/GNU-tools-for-STM32/bin/../lib/gcc/arm-none-eabi/12.3.1/../../../../arm-none-eabi/lib/thumb/v7e-m+fp/hard\libc_nano.a(libc_a-localeconv.o)
 .ARM.attributes
                0x00000557       0x34 C:/ST/STM32CubeCLT_1.16.0/GNU-tools-for-STM32/bin/../lib/gcc/arm-none-eabi/12.3.1/../../../../arm-none-eabi/lib/thumb/v7e-m+fp/hard\libc_nano.a(libc_a-closer.o)
 .ARM.attributes
                0x0000058b       0x34 C:/ST/STM32CubeCLT_1.16.0/GNU-tools-for-STM32/bin/../lib/gcc/arm-none-eabi/12.3.1/../../../../arm-none-eabi/lib/thumb/v7e-m+fp/hard\libc_nano.a(libc_a-reent.o)
 .ARM.attributes
                0x000005bf       0x34 C:/ST/STM32CubeCLT_1.16.0/GNU-tools-for-STM32/bin/../lib/gcc/arm-none-eabi/12.3.1/../../../../arm-none-eabi/lib/thumb/v7e-m+fp/hard\libc_nano.a(libc_a-impure.o)
 .ARM.attributes
                0x000005f3       0x34 C:/ST/STM32CubeCLT_1.16.0/GNU-tools-for-STM32/bin/../lib/gcc/arm-none-eabi/12.3.1/../../../../arm-none-eabi/lib/thumb/v7e-m+fp/hard\libc_nano.a(libc_a-lseekr.o)
 .ARM.attributes
                0x00000627       0x34 C:/ST/STM32CubeCLT_1.16.0/GNU-tools-for-STM32/bin/../lib/gcc/arm-none-eabi/12.3.1/../../../../arm-none-eabi/lib/thumb/v7e-m+fp/hard\libc_nano.a(libc_a-readr.o)
 .ARM.attributes
                0x0000065b       0x34 C:/ST/STM32CubeCLT_1.16.0/GNU-tools-for-STM32/bin/../lib/gcc/arm-none-eabi/12.3.1/../../../../arm-none-eabi/lib/thumb/v7e-m+fp/hard\libc_nano.a(libc_a-writer.o)
 .ARM.attributes
                0x0000068f       0x34 C:/ST/STM32CubeCLT_1.16.0/GNU-tools-for-STM32/bin/../lib/gcc/arm-none-eabi/12.3.1/../../../../arm-none-eabi/lib/thumb/v7e-m+fp/hard\libc_nano.a(libc_a-errno.o)
 .ARM.attributes
                0x000006c3       0x34 C:/ST/STM32CubeCLT_1.16.0/GNU-tools-for-STM32/bin/../lib/gcc/arm-none-eabi/12.3.1/../../../../arm-none-eabi/lib/thumb/v7e-m+fp/hard\libc_nano.a(libc_a-init.o)
 .ARM.attributes
                0x000006f7       0x34 C:/ST/STM32CubeCLT_1.16.0/GNU-tools-for-STM32/bin/../lib/gcc/arm-none-eabi/12.3.1/../../../../arm-none-eabi/lib/thumb/v7e-m+fp/hard\libc_nano.a(libc_a-lock.o)
 .ARM.attributes
                0x0000072b       0x1c C:/ST/STM32CubeCLT_1.16.0/GNU-tools-for-STM32/bin/../lib/gcc/arm-none-eabi/12.3.1/../../../../arm-none-eabi/lib/thumb/v7e-m+fp/hard\libc_nano.a(libc_a-memchr.o)
 .ARM.attributes
                0x00000747       0x17 C:/ST/STM32CubeCLT_1.16.0/GNU-tools-for-STM32/bin/../lib/gcc/arm-none-eabi/12.3.1/../../../../arm-none-eabi/lib/thumb/v7e-m+fp/hard\libc_nano.a(libc_a-strlen.o)
 .ARM.attributes
                0x0000075e       0x34 C:/ST/STM32CubeCLT_1.16.0/GNU-tools-for-STM32/bin/../lib/gcc/arm-none-eabi/12.3.1/../../../../arm-none-eabi/lib/thumb/v7e-m+fp/hard\libc_nano.a(libc_a-dtoa.o)
 .ARM.attributes
                0x00000792       0x34 C:/ST/STM32CubeCLT_1.16.0/GNU-tools-for-STM32/bin/../lib/gcc/arm-none-eabi/12.3.1/../../../../arm-none-eabi/lib/thumb/v7e-m+fp/hard\libc_nano.a(libc_a-freer.o)
 .ARM.attributes
                0x000007c6       0x34 C:/ST/STM32CubeCLT_1.16.0/GNU-tools-for-STM32/bin/../lib/gcc/arm-none-eabi/12.3.1/../../../../arm-none-eabi/lib/thumb/v7e-m+fp/hard\libc_nano.a(libc_a-malloc.o)
 .ARM.attributes
                0x000007fa       0x34 C:/ST/STM32CubeCLT_1.16.0/GNU-tools-for-STM32/bin/../lib/gcc/arm-none-eabi/12.3.1/../../../../arm-none-eabi/lib/thumb/v7e-m+fp/hard\libc_nano.a(libc_a-mallocr.o)
 .ARM.attributes
                0x0000082e       0x34 C:/ST/STM32CubeCLT_1.16.0/GNU-tools-for-STM32/bin/../lib/gcc/arm-none-eabi/12.3.1/../../../../arm-none-eabi/lib/thumb/v7e-m+fp/hard\libc_nano.a(libc_a-mlock.o)
 .ARM.attributes
                0x00000862       0x34 C:/ST/STM32CubeCLT_1.16.0/GNU-tools-for-STM32/bin/../lib/gcc/arm-none-eabi/12.3.1/../../../../arm-none-eabi/lib/thumb/v7e-m+fp/hard\libc_nano.a(libc_a-mprec.o)
 .ARM.attributes
                0x00000896       0x34 C:/ST/STM32CubeCLT_1.16.0/GNU-tools-for-STM32/bin/../lib/gcc/arm-none-eabi/12.3.1/../../../../arm-none-eabi/lib/thumb/v7e-m+fp/hard\libc_nano.a(libc_a-nano-vfprintf.o)
 .ARM.attributes
                0x000008ca       0x34 C:/ST/STM32CubeCLT_1.16.0/GNU-tools-for-STM32/bin/../lib/gcc/arm-none-eabi/12.3.1/../../../../arm-none-eabi/lib/thumb/v7e-m+fp/hard\libc_nano.a(libc_a-fflush.o)
 .ARM.attributes
                0x000008fe       0x34 C:/ST/STM32CubeCLT_1.16.0/GNU-tools-for-STM32/bin/../lib/gcc/arm-none-eabi/12.3.1/../../../../arm-none-eabi/lib/thumb/v7e-m+fp/hard\libc_nano.a(libc_a-makebuf.o)
 .ARM.attributes
                0x00000932       0x34 C:/ST/STM32CubeCLT_1.16.0/GNU-tools-for-STM32/bin/../lib/gcc/arm-none-eabi/12.3.1/../../../../arm-none-eabi/lib/thumb/v7e-m+fp/hard\libc_nano.a(libc_a-locale.o)
 .ARM.attributes
                0x00000966       0x34 C:/ST/STM32CubeCLT_1.16.0/GNU-tools-for-STM32/bin/../lib/gcc/arm-none-eabi/12.3.1/../../../../arm-none-eabi/lib/thumb/v7e-m+fp/hard\libc_nano.a(libc_a-fstatr.o)
 .ARM.attributes
                0x0000099a       0x34 C:/ST/STM32CubeCLT_1.16.0/GNU-tools-for-STM32/bin/../lib/gcc/arm-none-eabi/12.3.1/../../../../arm-none-eabi/lib/thumb/v7e-m+fp/hard\libc_nano.a(libc_a-isattyr.o)
 .ARM.attributes
                0x000009ce       0x34 C:/ST/STM32CubeCLT_1.16.0/GNU-tools-for-STM32/bin/../lib/gcc/arm-none-eabi/12.3.1/../../../../arm-none-eabi/lib/thumb/v7e-m+fp/hard\libc_nano.a(libc_a-sbrkr.o)
 .ARM.attributes
                0x00000a02       0x34 C:/ST/STM32CubeCLT_1.16.0/GNU-tools-for-STM32/bin/../lib/gcc/arm-none-eabi/12.3.1/../../../../arm-none-eabi/lib/thumb/v7e-m+fp/hard\libc_nano.a(libc_a-memcpy-stub.o)
 .ARM.attributes
                0x00000a36       0x34 C:/ST/STM32CubeCLT_1.16.0/GNU-tools-for-STM32/bin/../lib/gcc/arm-none-eabi/12.3.1/../../../../arm-none-eabi/lib/thumb/v7e-m+fp/hard\libc_nano.a(libc_a-assert.o)
 .ARM.attributes
                0x00000a6a       0x34 C:/ST/STM32CubeCLT_1.16.0/GNU-tools-for-STM32/bin/../lib/gcc/arm-none-eabi/12.3.1/../../../../arm-none-eabi/lib/thumb/v7e-m+fp/hard\libc_nano.a(libc_a-callocr.o)
 .ARM.attributes
                0x00000a9e       0x34 C:/ST/STM32CubeCLT_1.16.0/GNU-tools-for-STM32/bin/../lib/gcc/arm-none-eabi/12.3.1/../../../../arm-none-eabi/lib/thumb/v7e-m+fp/hard\libc_nano.a(libc_a-mbtowc_r.o)
 .ARM.attributes
                0x00000ad2       0x34 C:/ST/STM32CubeCLT_1.16.0/GNU-tools-for-STM32/bin/../lib/gcc/arm-none-eabi/12.3.1/../../../../arm-none-eabi/lib/thumb/v7e-m+fp/hard\libc_nano.a(libc_a-wctomb_r.o)
 .ARM.attributes
                0x00000b06       0x34 C:/ST/STM32CubeCLT_1.16.0/GNU-tools-for-STM32/bin/../lib/gcc/arm-none-eabi/12.3.1/../../../../arm-none-eabi/lib/thumb/v7e-m+fp/hard\libc_nano.a(libc_a-ctype_.o)
 .ARM.attributes
                0x00000b3a       0x34 C:/ST/STM32CubeCLT_1.16.0/GNU-tools-for-STM32/bin/../lib/gcc/arm-none-eabi/12.3.1/../../../../arm-none-eabi/lib/thumb/v7e-m+fp/hard\libc_nano.a(libc_a-fprintf.o)
 .ARM.attributes
                0x00000b6e       0x34 C:/ST/STM32CubeCLT_1.16.0/GNU-tools-for-STM32/bin/../lib/gcc/arm-none-eabi/12.3.1/../../../../arm-none-eabi/lib/thumb/v7e-m+fp/hard\libc_nano.a(libc_a-abort.o)
 .ARM.attributes
                0x00000ba2       0x34 C:/ST/STM32CubeCLT_1.16.0/GNU-tools-for-STM32/bin/../lib/gcc/arm-none-eabi/12.3.1/../../../../arm-none-eabi/lib/thumb/v7e-m+fp/hard\libc_nano.a(libc_a-signal.o)
 .ARM.attributes
                0x00000bd6       0x34 C:/ST/STM32CubeCLT_1.16.0/GNU-tools-for-STM32/bin/../lib/gcc/arm-none-eabi/12.3.1/../../../../arm-none-eabi/lib/thumb/v7e-m+fp/hard\libc_nano.a(libc_a-signalr.o)
 .ARM.attributes
                0x00000c0a       0x22 C:/ST/STM32CubeCLT_1.16.0/GNU-tools-for-STM32/bin/../lib/gcc/arm-none-eabi/12.3.1/thumb/v7e-m+fp/hard\libgcc.a(_arm_addsubdf3.o)
 .ARM.attributes
                0x00000c2c       0x22 C:/ST/STM32CubeCLT_1.16.0/GNU-tools-for-STM32/bin/../lib/gcc/arm-none-eabi/12.3.1/thumb/v7e-m+fp/hard\libgcc.a(_arm_muldivdf3.o)
 .ARM.attributes
                0x00000c4e       0x22 C:/ST/STM32CubeCLT_1.16.0/GNU-tools-for-STM32/bin/../lib/gcc/arm-none-eabi/12.3.1/thumb/v7e-m+fp/hard\libgcc.a(_arm_cmpdf2.o)
 .ARM.attributes
                0x00000c70       0x22 C:/ST/STM32CubeCLT_1.16.0/GNU-tools-for-STM32/bin/../lib/gcc/arm-none-eabi/12.3.1/thumb/v7e-m+fp/hard\libgcc.a(_arm_unorddf2.o)
 .ARM.attributes
                0x00000c92       0x22 C:/ST/STM32CubeCLT_1.16.0/GNU-tools-for-STM32/bin/../lib/gcc/arm-none-eabi/12.3.1/thumb/v7e-m+fp/hard\libgcc.a(_arm_fixdfsi.o)
 .ARM.attributes
                0x00000cb4       0x22 C:/ST/STM32CubeCLT_1.16.0/GNU-tools-for-STM32/bin/../lib/gcc/arm-none-eabi/12.3.1/thumb/v7e-m+fp/hard\libgcc.a(_aeabi_uldivmod.o)
 .ARM.attributes
                0x00000cd6       0x34 C:/ST/STM32CubeCLT_1.16.0/GNU-tools-for-STM32/bin/../lib/gcc/arm-none-eabi/12.3.1/thumb/v7e-m+fp/hard\libgcc.a(_udivmoddi4.o)
 .ARM.attributes
                0x00000d0a       0x22 C:/ST/STM32CubeCLT_1.16.0/GNU-tools-for-STM32/bin/../lib/gcc/arm-none-eabi/12.3.1/thumb/v7e-m+fp/hard\libgcc.a(_dvmd_tls.o)
 .ARM.attributes
                0x00000d2c       0x22 C:/ST/STM32CubeCLT_1.16.0/GNU-tools-for-STM32/bin/../lib/gcc/arm-none-eabi/12.3.1/thumb/v7e-m+fp/hard/crtn.o

.comment        0x00000000       0x43
 .comment       0x00000000       0x43 CMakeFiles/stm32_dma.dir/Program/appmain.cpp.obj
                                 0x44 (size before relaxing)
 .comment       0x00000043       0x44 CMakeFiles/stm32_dma.dir/Libs/Peripherals/Src/usart.cpp.obj
 .comment       0x00000043       0x44 CMakeFiles/stm32_dma.dir/Core/Src/main.c.obj
 .comment       0x00000043       0x44 CMakeFiles/stm32_dma.dir/Core/Src/stm32f4xx_it.c.obj
 .comment       0x00000043       0x44 CMakeFiles/stm32_dma.dir/Core/Src/stm32f4xx_hal_msp.c.obj
 .comment       0x00000043       0x44 CMakeFiles/stm32_dma.dir/Drivers/STM32F4xx_HAL_Driver/Src/stm32f4xx_hal_uart.c.obj
 .comment       0x00000043       0x44 CMakeFiles/stm32_dma.dir/Drivers/STM32F4xx_HAL_Driver/Src/stm32f4xx_hal_rcc.c.obj
 .comment       0x00000043       0x44 CMakeFiles/stm32_dma.dir/Drivers/STM32F4xx_HAL_Driver/Src/stm32f4xx_hal_gpio.c.obj
 .comment       0x00000043       0x44 CMakeFiles/stm32_dma.dir/Drivers/STM32F4xx_HAL_Driver/Src/stm32f4xx_hal_cortex.c.obj
 .comment       0x00000043       0x44 CMakeFiles/stm32_dma.dir/Drivers/STM32F4xx_HAL_Driver/Src/stm32f4xx_hal.c.obj
 .comment       0x00000043       0x44 CMakeFiles/stm32_dma.dir/Core/Src/system_stm32f4xx.c.obj
 .comment       0x00000043       0x44 CMakeFiles/stm32_dma.dir/Core/Src/sysmem.c.obj
 .comment       0x00000043       0x44 CMakeFiles/stm32_dma.dir/Core/Src/syscalls.c.obj

.debug_info     0x00000000     0x76bb
 .debug_info    0x00000000       0xfe CMakeFiles/stm32_dma.dir/Program/appmain.cpp.obj
 .debug_info    0x000000fe      0xa6c CMakeFiles/stm32_dma.dir/Libs/Peripherals/Src/usart.cpp.obj
 .debug_info    0x00000b6a      0x4f8 CMakeFiles/stm32_dma.dir/Core/Src/main.c.obj
 .debug_info    0x00001062      0x112 CMakeFiles/stm32_dma.dir/Core/Src/stm32f4xx_it.c.obj
 .debug_info    0x00001174      0x269 CMakeFiles/stm32_dma.dir/Core/Src/stm32f4xx_hal_msp.c.obj
 .debug_info    0x000013dd     0x2f4f CMakeFiles/stm32_dma.dir/Drivers/STM32F4xx_HAL_Driver/Src/stm32f4xx_hal_uart.c.obj
 .debug_info    0x0000432c      0x8af CMakeFiles/stm32_dma.dir/Drivers/STM32F4xx_HAL_Driver/Src/stm32f4xx_hal_rcc.c.obj
 .debug_info    0x00004bdb      0x6c3 CMakeFiles/stm32_dma.dir/Drivers/STM32F4xx_HAL_Driver/Src/stm32f4xx_hal_gpio.c.obj
 .debug_info    0x0000529e      0xd8c CMakeFiles/stm32_dma.dir/Drivers/STM32F4xx_HAL_Driver/Src/stm32f4xx_hal_cortex.c.obj
 .debug_info    0x0000602a      0x944 CMakeFiles/stm32_dma.dir/Drivers/STM32F4xx_HAL_Driver/Src/stm32f4xx_hal.c.obj
 .debug_info    0x0000696e      0x512 CMakeFiles/stm32_dma.dir/Core/Src/system_stm32f4xx.c.obj
 .debug_info    0x00006e80      0x168 CMakeFiles/stm32_dma.dir/Core/Src/sysmem.c.obj
 .debug_info    0x00006fe8      0x6a3 CMakeFiles/stm32_dma.dir/Core/Src/syscalls.c.obj
 .debug_info    0x0000768b       0x30 CMakeFiles/stm32_dma.dir/startup_stm32f407xx.s.obj

.debug_abbrev   0x00000000     0x1699
 .debug_abbrev  0x00000000       0xb1 CMakeFiles/stm32_dma.dir/Program/appmain.cpp.obj
 .debug_abbrev  0x000000b1      0x218 CMakeFiles/stm32_dma.dir/Libs/Peripherals/Src/usart.cpp.obj
 .debug_abbrev  0x000002c9      0x20b CMakeFiles/stm32_dma.dir/Core/Src/main.c.obj
 .debug_abbrev  0x000004d4       0x73 CMakeFiles/stm32_dma.dir/Core/Src/stm32f4xx_it.c.obj
 .debug_abbrev  0x00000547       0xd8 CMakeFiles/stm32_dma.dir/Core/Src/stm32f4xx_hal_msp.c.obj
 .debug_abbrev  0x0000061f      0x30e CMakeFiles/stm32_dma.dir/Drivers/STM32F4xx_HAL_Driver/Src/stm32f4xx_hal_uart.c.obj
 .debug_abbrev  0x0000092d      0x2b7 CMakeFiles/stm32_dma.dir/Drivers/STM32F4xx_HAL_Driver/Src/stm32f4xx_hal_rcc.c.obj
 .debug_abbrev  0x00000be4      0x1d4 CMakeFiles/stm32_dma.dir/Drivers/STM32F4xx_HAL_Driver/Src/stm32f4xx_hal_gpio.c.obj
 .debug_abbrev  0x00000db8      0x31d CMakeFiles/stm32_dma.dir/Drivers/STM32F4xx_HAL_Driver/Src/stm32f4xx_hal_cortex.c.obj
 .debug_abbrev  0x000010d5      0x214 CMakeFiles/stm32_dma.dir/Drivers/STM32F4xx_HAL_Driver/Src/stm32f4xx_hal.c.obj
 .debug_abbrev  0x000012e9      0x11a CMakeFiles/stm32_dma.dir/Core/Src/system_stm32f4xx.c.obj
 .debug_abbrev  0x00001403       0xbc CMakeFiles/stm32_dma.dir/Core/Src/sysmem.c.obj
 .debug_abbrev  0x000014bf      0x1b6 CMakeFiles/stm32_dma.dir/Core/Src/syscalls.c.obj
 .debug_abbrev  0x00001675       0x24 CMakeFiles/stm32_dma.dir/startup_stm32f407xx.s.obj

.debug_aranges  0x00000000      0x728
 .debug_aranges
                0x00000000       0x20 CMakeFiles/stm32_dma.dir/Program/appmain.cpp.obj
 .debug_aranges
                0x00000020       0x30 CMakeFiles/stm32_dma.dir/Libs/Peripherals/Src/usart.cpp.obj
 .debug_aranges
                0x00000050       0x38 CMakeFiles/stm32_dma.dir/Core/Src/main.c.obj
 .debug_aranges
                0x00000088       0x60 CMakeFiles/stm32_dma.dir/Core/Src/stm32f4xx_it.c.obj
 .debug_aranges
                0x000000e8       0x20 CMakeFiles/stm32_dma.dir/Core/Src/stm32f4xx_hal_msp.c.obj
 .debug_aranges
                0x00000108      0x208 CMakeFiles/stm32_dma.dir/Drivers/STM32F4xx_HAL_Driver/Src/stm32f4xx_hal_uart.c.obj
 .debug_aranges
                0x00000310       0x88 CMakeFiles/stm32_dma.dir/Drivers/STM32F4xx_HAL_Driver/Src/stm32f4xx_hal_rcc.c.obj
 .debug_aranges
                0x00000398       0x58 CMakeFiles/stm32_dma.dir/Drivers/STM32F4xx_HAL_Driver/Src/stm32f4xx_hal_gpio.c.obj
 .debug_aranges
                0x000003f0      0x130 CMakeFiles/stm32_dma.dir/Drivers/STM32F4xx_HAL_Driver/Src/stm32f4xx_hal_cortex.c.obj
 .debug_aranges
                0x00000520       0xf0 CMakeFiles/stm32_dma.dir/Drivers/STM32F4xx_HAL_Driver/Src/stm32f4xx_hal.c.obj
 .debug_aranges
                0x00000610       0x28 CMakeFiles/stm32_dma.dir/Core/Src/system_stm32f4xx.c.obj
 .debug_aranges
                0x00000638       0x20 CMakeFiles/stm32_dma.dir/Core/Src/sysmem.c.obj
 .debug_aranges
                0x00000658       0xa8 CMakeFiles/stm32_dma.dir/Core/Src/syscalls.c.obj
 .debug_aranges
                0x00000700       0x28 CMakeFiles/stm32_dma.dir/startup_stm32f407xx.s.obj

.debug_rnglists
                0x00000000      0x55e
 .debug_rnglists
                0x00000000       0x13 CMakeFiles/stm32_dma.dir/Program/appmain.cpp.obj
 .debug_rnglists
                0x00000013       0x20 CMakeFiles/stm32_dma.dir/Libs/Peripherals/Src/usart.cpp.obj
 .debug_rnglists
                0x00000033       0x26 CMakeFiles/stm32_dma.dir/Core/Src/main.c.obj
 .debug_rnglists
                0x00000059       0x43 CMakeFiles/stm32_dma.dir/Core/Src/stm32f4xx_it.c.obj
 .debug_rnglists
                0x0000009c       0x13 CMakeFiles/stm32_dma.dir/Core/Src/stm32f4xx_hal_msp.c.obj
 .debug_rnglists
                0x000000af      0x1bc CMakeFiles/stm32_dma.dir/Drivers/STM32F4xx_HAL_Driver/Src/stm32f4xx_hal_uart.c.obj
 .debug_rnglists
                0x0000026b       0x66 CMakeFiles/stm32_dma.dir/Drivers/STM32F4xx_HAL_Driver/Src/stm32f4xx_hal_rcc.c.obj
 .debug_rnglists
                0x000002d1       0x3f CMakeFiles/stm32_dma.dir/Drivers/STM32F4xx_HAL_Driver/Src/stm32f4xx_hal_gpio.c.obj
 .debug_rnglists
                0x00000310       0xe0 CMakeFiles/stm32_dma.dir/Drivers/STM32F4xx_HAL_Driver/Src/stm32f4xx_hal_cortex.c.obj
 .debug_rnglists
                0x000003f0       0xaf CMakeFiles/stm32_dma.dir/Drivers/STM32F4xx_HAL_Driver/Src/stm32f4xx_hal.c.obj
 .debug_rnglists
                0x0000049f       0x1a CMakeFiles/stm32_dma.dir/Core/Src/system_stm32f4xx.c.obj
 .debug_rnglists
                0x000004b9       0x13 CMakeFiles/stm32_dma.dir/Core/Src/sysmem.c.obj
 .debug_rnglists
                0x000004cc       0x79 CMakeFiles/stm32_dma.dir/Core/Src/syscalls.c.obj
 .debug_rnglists
                0x00000545       0x19 CMakeFiles/stm32_dma.dir/startup_stm32f407xx.s.obj

.debug_macro    0x00000000    0x23734
 .debug_macro   0x00000000      0x2c6 CMakeFiles/stm32_dma.dir/Program/appmain.cpp.obj
 .debug_macro   0x000002c6      0xbf8 CMakeFiles/stm32_dma.dir/Program/appmain.cpp.obj
 .debug_macro   0x00000ebe      0x29b CMakeFiles/stm32_dma.dir/Program/appmain.cpp.obj
 .debug_macro   0x00001159       0x2e CMakeFiles/stm32_dma.dir/Program/appmain.cpp.obj
 .debug_macro   0x00001187       0x2f CMakeFiles/stm32_dma.dir/Program/appmain.cpp.obj
 .debug_macro   0x000011b6       0x1c CMakeFiles/stm32_dma.dir/Program/appmain.cpp.obj
 .debug_macro   0x000011d2       0x22 CMakeFiles/stm32_dma.dir/Program/appmain.cpp.obj
 .debug_macro   0x000011f4       0x56 CMakeFiles/stm32_dma.dir/Program/appmain.cpp.obj
 .debug_macro   0x0000124a       0x51 CMakeFiles/stm32_dma.dir/Program/appmain.cpp.obj
 .debug_macro   0x0000129b      0x103 CMakeFiles/stm32_dma.dir/Program/appmain.cpp.obj
 .debug_macro   0x0000139e       0x6a CMakeFiles/stm32_dma.dir/Program/appmain.cpp.obj
 .debug_macro   0x00001408      0x1df CMakeFiles/stm32_dma.dir/Program/appmain.cpp.obj
 .debug_macro   0x000015e7       0x1c CMakeFiles/stm32_dma.dir/Program/appmain.cpp.obj
 .debug_macro   0x00001603       0x22 CMakeFiles/stm32_dma.dir/Program/appmain.cpp.obj
 .debug_macro   0x00001625       0xfb CMakeFiles/stm32_dma.dir/Program/appmain.cpp.obj
 .debug_macro   0x00001720     0x1011 CMakeFiles/stm32_dma.dir/Program/appmain.cpp.obj
 .debug_macro   0x00002731      0x11f CMakeFiles/stm32_dma.dir/Program/appmain.cpp.obj
 .debug_macro   0x00002850    0x15e97 CMakeFiles/stm32_dma.dir/Program/appmain.cpp.obj
 .debug_macro   0x000186e7       0x6d CMakeFiles/stm32_dma.dir/Program/appmain.cpp.obj
 .debug_macro   0x00018754     0x369a CMakeFiles/stm32_dma.dir/Program/appmain.cpp.obj
 .debug_macro   0x0001bdee      0x190 CMakeFiles/stm32_dma.dir/Program/appmain.cpp.obj
 .debug_macro   0x0001bf7e       0x5c CMakeFiles/stm32_dma.dir/Program/appmain.cpp.obj
 .debug_macro   0x0001bfda      0x980 CMakeFiles/stm32_dma.dir/Program/appmain.cpp.obj
 .debug_macro   0x0001c95a      0x9e9 CMakeFiles/stm32_dma.dir/Program/appmain.cpp.obj
 .debug_macro   0x0001d343      0x115 CMakeFiles/stm32_dma.dir/Program/appmain.cpp.obj
 .debug_macro   0x0001d458      0x13e CMakeFiles/stm32_dma.dir/Program/appmain.cpp.obj
 .debug_macro   0x0001d596       0xa5 CMakeFiles/stm32_dma.dir/Program/appmain.cpp.obj
 .debug_macro   0x0001d63b      0x174 CMakeFiles/stm32_dma.dir/Program/appmain.cpp.obj
 .debug_macro   0x0001d7af      0x287 CMakeFiles/stm32_dma.dir/Program/appmain.cpp.obj
 .debug_macro   0x0001da36       0x5f CMakeFiles/stm32_dma.dir/Program/appmain.cpp.obj
 .debug_macro   0x0001da95      0x236 CMakeFiles/stm32_dma.dir/Program/appmain.cpp.obj
 .debug_macro   0x0001dccb      0x12c CMakeFiles/stm32_dma.dir/Program/appmain.cpp.obj
 .debug_macro   0x0001ddf7      0x21e CMakeFiles/stm32_dma.dir/Program/appmain.cpp.obj
 .debug_macro   0x0001e015       0x2e CMakeFiles/stm32_dma.dir/Program/appmain.cpp.obj
 .debug_macro   0x0001e043      0x127 CMakeFiles/stm32_dma.dir/Program/appmain.cpp.obj
 .debug_macro   0x0001e16a       0x7e CMakeFiles/stm32_dma.dir/Program/appmain.cpp.obj
 .debug_macro   0x0001e1e8       0x89 CMakeFiles/stm32_dma.dir/Program/appmain.cpp.obj
 .debug_macro   0x0001e271      0x2aa CMakeFiles/stm32_dma.dir/Program/appmain.cpp.obj
 .debug_macro   0x0001e51b      0x217 CMakeFiles/stm32_dma.dir/Program/appmain.cpp.obj
 .debug_macro   0x0001e732      0x12d CMakeFiles/stm32_dma.dir/Program/appmain.cpp.obj
 .debug_macro   0x0001e85f       0x74 CMakeFiles/stm32_dma.dir/Program/appmain.cpp.obj
 .debug_macro   0x0001e8d3       0x2a CMakeFiles/stm32_dma.dir/Program/appmain.cpp.obj
 .debug_macro   0x0001e8fd       0x3c CMakeFiles/stm32_dma.dir/Program/appmain.cpp.obj
 .debug_macro   0x0001e939       0x34 CMakeFiles/stm32_dma.dir/Program/appmain.cpp.obj
 .debug_macro   0x0001e96d       0x16 CMakeFiles/stm32_dma.dir/Program/appmain.cpp.obj
 .debug_macro   0x0001e983       0x35 CMakeFiles/stm32_dma.dir/Program/appmain.cpp.obj
 .debug_macro   0x0001e9b8      0x38c CMakeFiles/stm32_dma.dir/Program/appmain.cpp.obj
 .debug_macro   0x0001ed44       0x10 CMakeFiles/stm32_dma.dir/Program/appmain.cpp.obj
 .debug_macro   0x0001ed54       0x16 CMakeFiles/stm32_dma.dir/Program/appmain.cpp.obj
 .debug_macro   0x0001ed6a       0x43 CMakeFiles/stm32_dma.dir/Program/appmain.cpp.obj
 .debug_macro   0x0001edad       0x34 CMakeFiles/stm32_dma.dir/Program/appmain.cpp.obj
 .debug_macro   0x0001ede1       0x10 CMakeFiles/stm32_dma.dir/Program/appmain.cpp.obj
 .debug_macro   0x0001edf1       0x58 CMakeFiles/stm32_dma.dir/Program/appmain.cpp.obj
 .debug_macro   0x0001ee49      0x1de CMakeFiles/stm32_dma.dir/Program/appmain.cpp.obj
 .debug_macro   0x0001f027       0x16 CMakeFiles/stm32_dma.dir/Program/appmain.cpp.obj
 .debug_macro   0x0001f03d       0x16 CMakeFiles/stm32_dma.dir/Program/appmain.cpp.obj
 .debug_macro   0x0001f053      0x115 CMakeFiles/stm32_dma.dir/Program/appmain.cpp.obj
 .debug_macro   0x0001f168       0x16 CMakeFiles/stm32_dma.dir/Program/appmain.cpp.obj
 .debug_macro   0x0001f17e       0x20 CMakeFiles/stm32_dma.dir/Program/appmain.cpp.obj
 .debug_macro   0x0001f19e      0x2bc CMakeFiles/stm32_dma.dir/Libs/Peripherals/Src/usart.cpp.obj
 .debug_macro   0x0001f45a      0x1ce CMakeFiles/stm32_dma.dir/Core/Src/main.c.obj
 .debug_macro   0x0001f628      0xab4 CMakeFiles/stm32_dma.dir/Core/Src/main.c.obj
 .debug_macro   0x000200dc       0x8e CMakeFiles/stm32_dma.dir/Core/Src/main.c.obj
 .debug_macro   0x0002016a     0x1011 CMakeFiles/stm32_dma.dir/Core/Src/main.c.obj
 .debug_macro   0x0002117b      0x189 CMakeFiles/stm32_dma.dir/Core/Src/main.c.obj
 .debug_macro   0x00021304      0x1d8 CMakeFiles/stm32_dma.dir/Core/Src/stm32f4xx_it.c.obj
 .debug_macro   0x000214dc      0x1ce CMakeFiles/stm32_dma.dir/Core/Src/stm32f4xx_hal_msp.c.obj
 .debug_macro   0x000216aa      0x1c5 CMakeFiles/stm32_dma.dir/Drivers/STM32F4xx_HAL_Driver/Src/stm32f4xx_hal_uart.c.obj
 .debug_macro   0x0002186f      0x1e8 CMakeFiles/stm32_dma.dir/Drivers/STM32F4xx_HAL_Driver/Src/stm32f4xx_hal_rcc.c.obj
 .debug_macro   0x00021a57      0x1ca CMakeFiles/stm32_dma.dir/Drivers/STM32F4xx_HAL_Driver/Src/stm32f4xx_hal_gpio.c.obj
 .debug_macro   0x00021c21      0x1c4 CMakeFiles/stm32_dma.dir/Drivers/STM32F4xx_HAL_Driver/Src/stm32f4xx_hal_cortex.c.obj
 .debug_macro   0x00021de5      0x224 CMakeFiles/stm32_dma.dir/Drivers/STM32F4xx_HAL_Driver/Src/stm32f4xx_hal.c.obj
 .debug_macro   0x00022009      0x1c4 CMakeFiles/stm32_dma.dir/Core/Src/system_stm32f4xx.c.obj
 .debug_macro   0x000221cd       0xec CMakeFiles/stm32_dma.dir/Core/Src/sysmem.c.obj
 .debug_macro   0x000222b9       0x10 CMakeFiles/stm32_dma.dir/Core/Src/sysmem.c.obj
 .debug_macro   0x000222c9       0x6e CMakeFiles/stm32_dma.dir/Core/Src/sysmem.c.obj
 .debug_macro   0x00022337       0x94 CMakeFiles/stm32_dma.dir/Core/Src/sysmem.c.obj
 .debug_macro   0x000223cb       0x34 CMakeFiles/stm32_dma.dir/Core/Src/sysmem.c.obj
 .debug_macro   0x000223ff       0x43 CMakeFiles/stm32_dma.dir/Core/Src/sysmem.c.obj
 .debug_macro   0x00022442       0x57 CMakeFiles/stm32_dma.dir/Core/Src/sysmem.c.obj
 .debug_macro   0x00022499      0x23c CMakeFiles/stm32_dma.dir/Core/Src/sysmem.c.obj
 .debug_macro   0x000226d5      0x265 CMakeFiles/stm32_dma.dir/Core/Src/syscalls.c.obj
 .debug_macro   0x0002293a      0x369 CMakeFiles/stm32_dma.dir/Core/Src/syscalls.c.obj
 .debug_macro   0x00022ca3       0x10 CMakeFiles/stm32_dma.dir/Core/Src/syscalls.c.obj
 .debug_macro   0x00022cb3       0x35 CMakeFiles/stm32_dma.dir/Core/Src/syscalls.c.obj
 .debug_macro   0x00022ce8       0x10 CMakeFiles/stm32_dma.dir/Core/Src/syscalls.c.obj
 .debug_macro   0x00022cf8       0x10 CMakeFiles/stm32_dma.dir/Core/Src/syscalls.c.obj
 .debug_macro   0x00022d08       0x10 CMakeFiles/stm32_dma.dir/Core/Src/syscalls.c.obj
 .debug_macro   0x00022d18       0x1c CMakeFiles/stm32_dma.dir/Core/Src/syscalls.c.obj
 .debug_macro   0x00022d34       0x52 CMakeFiles/stm32_dma.dir/Core/Src/syscalls.c.obj
 .debug_macro   0x00022d86       0x22 CMakeFiles/stm32_dma.dir/Core/Src/syscalls.c.obj
 .debug_macro   0x00022da8       0x10 CMakeFiles/stm32_dma.dir/Core/Src/syscalls.c.obj
 .debug_macro   0x00022db8       0x52 CMakeFiles/stm32_dma.dir/Core/Src/syscalls.c.obj
 .debug_macro   0x00022e0a       0xcf CMakeFiles/stm32_dma.dir/Core/Src/syscalls.c.obj
 .debug_macro   0x00022ed9       0x1c CMakeFiles/stm32_dma.dir/Core/Src/syscalls.c.obj
 .debug_macro   0x00022ef5       0x3d CMakeFiles/stm32_dma.dir/Core/Src/syscalls.c.obj
 .debug_macro   0x00022f32       0x35 CMakeFiles/stm32_dma.dir/Core/Src/syscalls.c.obj
 .debug_macro   0x00022f67      0x12c CMakeFiles/stm32_dma.dir/Core/Src/syscalls.c.obj
 .debug_macro   0x00023093       0x16 CMakeFiles/stm32_dma.dir/Core/Src/syscalls.c.obj
 .debug_macro   0x000230a9       0x16 CMakeFiles/stm32_dma.dir/Core/Src/syscalls.c.obj
 .debug_macro   0x000230bf       0x29 CMakeFiles/stm32_dma.dir/Core/Src/syscalls.c.obj
 .debug_macro   0x000230e8      0x242 CMakeFiles/stm32_dma.dir/Core/Src/syscalls.c.obj
 .debug_macro   0x0002332a       0x1c CMakeFiles/stm32_dma.dir/Core/Src/syscalls.c.obj
 .debug_macro   0x00023346       0x10 CMakeFiles/stm32_dma.dir/Core/Src/syscalls.c.obj
 .debug_macro   0x00023356      0x170 CMakeFiles/stm32_dma.dir/Core/Src/syscalls.c.obj
 .debug_macro   0x000234c6      0x18a CMakeFiles/stm32_dma.dir/Core/Src/syscalls.c.obj
 .debug_macro   0x00023650       0x16 CMakeFiles/stm32_dma.dir/Core/Src/syscalls.c.obj
 .debug_macro   0x00023666       0xce CMakeFiles/stm32_dma.dir/Core/Src/syscalls.c.obj

.debug_line     0x00000000     0x8d0d
 .debug_line    0x00000000      0x7a2 CMakeFiles/stm32_dma.dir/Program/appmain.cpp.obj
 .debug_line    0x000007a2      0x818 CMakeFiles/stm32_dma.dir/Libs/Peripherals/Src/usart.cpp.obj
 .debug_line    0x00000fba      0x736 CMakeFiles/stm32_dma.dir/Core/Src/main.c.obj
 .debug_line    0x000016f0      0x76b CMakeFiles/stm32_dma.dir/Core/Src/stm32f4xx_it.c.obj
 .debug_line    0x00001e5b      0x6a9 CMakeFiles/stm32_dma.dir/Core/Src/stm32f4xx_hal_msp.c.obj
 .debug_line    0x00002504     0x2868 CMakeFiles/stm32_dma.dir/Drivers/STM32F4xx_HAL_Driver/Src/stm32f4xx_hal_uart.c.obj
 .debug_line    0x00004d6c      0xd1f CMakeFiles/stm32_dma.dir/Drivers/STM32F4xx_HAL_Driver/Src/stm32f4xx_hal_rcc.c.obj
 .debug_line    0x00005a8b      0xb22 CMakeFiles/stm32_dma.dir/Drivers/STM32F4xx_HAL_Driver/Src/stm32f4xx_hal_gpio.c.obj
 .debug_line    0x000065ad      0xc88 CMakeFiles/stm32_dma.dir/Drivers/STM32F4xx_HAL_Driver/Src/stm32f4xx_hal_cortex.c.obj
 .debug_line    0x00007235      0x996 CMakeFiles/stm32_dma.dir/Drivers/STM32F4xx_HAL_Driver/Src/stm32f4xx_hal.c.obj
 .debug_line    0x00007bcb      0x72d CMakeFiles/stm32_dma.dir/Core/Src/system_stm32f4xx.c.obj
 .debug_line    0x000082f8      0x336 CMakeFiles/stm32_dma.dir/Core/Src/sysmem.c.obj
 .debug_line    0x0000862e      0x665 CMakeFiles/stm32_dma.dir/Core/Src/syscalls.c.obj
 .debug_line    0x00008c93       0x7a CMakeFiles/stm32_dma.dir/startup_stm32f407xx.s.obj

.debug_str      0x00000000    0xc621d
 .debug_str     0x00000000    0xc1794 CMakeFiles/stm32_dma.dir/Program/appmain.cpp.obj
                              0xc1a10 (size before relaxing)
 .debug_str     0x000c1794      0x6fe CMakeFiles/stm32_dma.dir/Libs/Peripherals/Src/usart.cpp.obj
                              0xc2224 (size before relaxing)
 .debug_str     0x000c1e92      0x484 CMakeFiles/stm32_dma.dir/Core/Src/main.c.obj
                              0xbe5cb (size before relaxing)
 .debug_str     0x000c2316       0xe2 CMakeFiles/stm32_dma.dir/Core/Src/stm32f4xx_it.c.obj
                              0xbe38d (size before relaxing)
 .debug_str     0x000c23f8       0x45 CMakeFiles/stm32_dma.dir/Core/Src/stm32f4xx_hal_msp.c.obj
                              0xbe407 (size before relaxing)
 .debug_str     0x000c243d      0x6d9 CMakeFiles/stm32_dma.dir/Drivers/STM32F4xx_HAL_Driver/Src/stm32f4xx_hal_uart.c.obj
                              0xbeecc (size before relaxing)
 .debug_str     0x000c2b16      0x284 CMakeFiles/stm32_dma.dir/Drivers/STM32F4xx_HAL_Driver/Src/stm32f4xx_hal_rcc.c.obj
                              0xbe8eb (size before relaxing)
 .debug_str     0x000c2d9a      0x186 CMakeFiles/stm32_dma.dir/Drivers/STM32F4xx_HAL_Driver/Src/stm32f4xx_hal_gpio.c.obj
                              0xbe632 (size before relaxing)
 .debug_str     0x000c2f20      0x937 CMakeFiles/stm32_dma.dir/Drivers/STM32F4xx_HAL_Driver/Src/stm32f4xx_hal_cortex.c.obj
                              0xbedb7 (size before relaxing)
 .debug_str     0x000c3857      0x524 CMakeFiles/stm32_dma.dir/Drivers/STM32F4xx_HAL_Driver/Src/stm32f4xx_hal.c.obj
                              0xbf03b (size before relaxing)
 .debug_str     0x000c3d7b       0x63 CMakeFiles/stm32_dma.dir/Core/Src/system_stm32f4xx.c.obj
                              0xbe4b7 (size before relaxing)
 .debug_str     0x000c3dde      0x519 CMakeFiles/stm32_dma.dir/Core/Src/sysmem.c.obj
                               0x5ae8 (size before relaxing)
 .debug_str     0x000c42f7     0x1ed8 CMakeFiles/stm32_dma.dir/Core/Src/syscalls.c.obj
                               0x9375 (size before relaxing)
 .debug_str     0x000c61cf       0x4e CMakeFiles/stm32_dma.dir/startup_stm32f407xx.s.obj
                                 0x76 (size before relaxing)

.debug_frame    0x00000000     0x2bf4
 .debug_frame   0x00000000       0x2c CMakeFiles/stm32_dma.dir/Program/appmain.cpp.obj
 .debug_frame   0x0000002c       0x7c CMakeFiles/stm32_dma.dir/Libs/Peripherals/Src/usart.cpp.obj
 .debug_frame   0x000000a8       0x90 CMakeFiles/stm32_dma.dir/Core/Src/main.c.obj
 .debug_frame   0x00000138      0x104 CMakeFiles/stm32_dma.dir/Core/Src/stm32f4xx_it.c.obj
 .debug_frame   0x0000023c       0x38 CMakeFiles/stm32_dma.dir/Core/Src/stm32f4xx_hal_msp.c.obj
 .debug_frame   0x00000274      0x954 CMakeFiles/stm32_dma.dir/Drivers/STM32F4xx_HAL_Driver/Src/stm32f4xx_hal_uart.c.obj
 .debug_frame   0x00000bc8      0x1f4 CMakeFiles/stm32_dma.dir/Drivers/STM32F4xx_HAL_Driver/Src/stm32f4xx_hal_rcc.c.obj
 .debug_frame   0x00000dbc      0x14c CMakeFiles/stm32_dma.dir/Drivers/STM32F4xx_HAL_Driver/Src/stm32f4xx_hal_gpio.c.obj
 .debug_frame   0x00000f08      0x508 CMakeFiles/stm32_dma.dir/Drivers/STM32F4xx_HAL_Driver/Src/stm32f4xx_hal_cortex.c.obj
 .debug_frame   0x00001410      0x374 CMakeFiles/stm32_dma.dir/Drivers/STM32F4xx_HAL_Driver/Src/stm32f4xx_hal.c.obj
 .debug_frame   0x00001784       0x58 CMakeFiles/stm32_dma.dir/Core/Src/system_stm32f4xx.c.obj
 .debug_frame   0x000017dc       0x34 CMakeFiles/stm32_dma.dir/Core/Src/sysmem.c.obj
 .debug_frame   0x00001810      0x2ac CMakeFiles/stm32_dma.dir/Core/Src/syscalls.c.obj